Component: ARM Compiler 5.06 update 1 (build 61) Tool: armlink [4d35a8]

==============================================================================

Section Cross References

    main.o(i.BEEP_CONFIG) refers to stm32f10x_rcc.o(i.RCC_APB2PeriphClockCmd) for RCC_APB2PeriphClockCmd
    main.o(i.BEEP_CONFIG) refers to stm32f10x_gpio.o(i.GPIO_Init) for GPIO_Init
    main.o(i.CheckLength) refers to gp_drive.o(i.W_GP) for W_GP
    main.o(i.CheckLength) refers to time_driver.o(i.TDelay_Micro) for TDelay_Micro
    main.o(i.CheckLength) refers to gp_drive.o(i.R_GP) for R_GP
    main.o(i.CheckLength) refers to time_driver.o(i.timer_start_micros) for timer_start_micros
    main.o(i.CheckLength) refers to time_driver.o(i.get_time_micros) for get_time_micros
    main.o(i.CheckLength) refers to time_driver.o(i.TDelay_Milli) for TDelay_Milli
    main.o(i.CheckLength) refers to main.o(.data) for distance
    main.o(i.LED_CONFIG) refers to stm32f10x_rcc.o(i.RCC_APB2PeriphClockCmd) for RCC_APB2PeriphClockCmd
    main.o(i.LED_CONFIG) refers to stm32f10x_gpio.o(i.GPIO_Init) for GPIO_Init
    main.o(i.LED_CONFIG) refers to main.o(.data) for GPIO
    main.o(i.Led_Buzzer) refers to stm32f10x_gpio.o(i.GPIO_ResetBits) for GPIO_ResetBits
    main.o(i.Led_Buzzer) refers to stm32f10x_gpio.o(i.GPIO_SetBits) for GPIO_SetBits
    main.o(i.Led_Buzzer) refers to systick_time.o(i.DelayMs) for DelayMs
    main.o(i.Led_Buzzer) refers to systick_time.o(i.DelayUs) for DelayUs
    main.o(i.main) refers to main.o(i.LED_CONFIG) for LED_CONFIG
    main.o(i.main) refers to main.o(i.BEEP_CONFIG) for BEEP_CONFIG
    main.o(i.main) refers to systick_time.o(i.systick_init) for systick_init
    main.o(i.main) refers to lcd_1602_drive.o(i.lcd_i2c_init) for lcd_i2c_init
    main.o(i.main) refers to lcd_1602_drive.o(i.lcd_i2c_msg) for lcd_i2c_msg
    main.o(i.main) refers to stm32f10x_gpio.o(i.GPIO_SetBits) for GPIO_SetBits
    main.o(i.main) refers to stm32f10x_gpio.o(i.GPIO_ResetBits) for GPIO_ResetBits
    main.o(i.main) refers to systick_time.o(i.DelayUs) for DelayUs
    main.o(i.main) refers to gp_drive.o(i.Digital_Output) for Digital_Output
    main.o(i.main) refers to gp_drive.o(i.Digital_Input) for Digital_Input
    main.o(i.main) refers to main.o(i.CheckLength) for CheckLength
    main.o(i.main) refers to help_func.o(i.int2char) for int2char
    main.o(i.main) refers to systick_time.o(i.DelayMs) for DelayMs
    main.o(i.main) refers to main.o(i.Led_Buzzer) for Led_Buzzer
    main.o(i.main) refers to help_func.o(i.str_empty) for str_empty
    main.o(i.main) refers to main.o(.data) for myint
    gp_drive.o(i.BLED) refers to gp_drive.o(i.W_GP) for W_GP
    gp_drive.o(i.B_init) refers to gp_drive.o(i.init_GP) for init_GP
    gp_drive.o(i.Digital_Input) refers to gp_drive.o(i.init_GP) for init_GP
    gp_drive.o(i.Digital_Output) refers to gp_drive.o(i.init_GP) for init_GP
    gp_drive.o(i.toggle_GP) refers to gp_drive.o(i.R_GP) for R_GP
    gp_drive.o(i.toggle_GP) refers to gp_drive.o(i.W_GP) for W_GP
    i2c_drive.o(i.i2c_init) refers to gp_drive.o(i.init_GP) for init_GP
    i2c_drive.o(i.i2c_write) refers to i2c_drive.o(i.i2c_start) for i2c_start
    i2c_drive.o(i.i2c_write) refers to i2c_drive.o(i.i2c_add) for i2c_add
    i2c_drive.o(i.i2c_write) refers to i2c_drive.o(i.i2c_data) for i2c_data
    i2c_drive.o(i.i2c_write) refers to i2c_drive.o(i.i2c_stop) for i2c_stop
    lcd_1602_drive.o(i.lcd_blank_1) refers to lcd_1602_drive.o(i.lcd_i2c_msg) for lcd_i2c_msg
    lcd_1602_drive.o(i.lcd_blank_12) refers to lcd_1602_drive.o(i.lcd_blank_1) for lcd_blank_1
    lcd_1602_drive.o(i.lcd_blank_12) refers to lcd_1602_drive.o(i.lcd_blank_2) for lcd_blank_2
    lcd_1602_drive.o(i.lcd_blank_2) refers to lcd_1602_drive.o(i.lcd_i2c_msg) for lcd_i2c_msg
    lcd_1602_drive.o(i.lcd_cmd) refers to lcd_1602_drive.o(i.pin_output) for pin_output
    lcd_1602_drive.o(i.lcd_cmd) refers to lcd_1602_drive.o(i.lcd_rs) for lcd_rs
    lcd_1602_drive.o(i.lcd_cmd) refers to lcd_1602_drive.o(i.lcd_rw) for lcd_rw
    lcd_1602_drive.o(i.lcd_cmd) refers to systick_time.o(i.DelayUs) for DelayUs
    lcd_1602_drive.o(i.lcd_cmd) refers to lcd_1602_drive.o(i.lcd_e) for lcd_e
    lcd_1602_drive.o(i.lcd_data) refers to lcd_1602_drive.o(i.pin_output) for pin_output
    lcd_1602_drive.o(i.lcd_data) refers to lcd_1602_drive.o(i.lcd_rs) for lcd_rs
    lcd_1602_drive.o(i.lcd_data) refers to lcd_1602_drive.o(i.lcd_rw) for lcd_rw
    lcd_1602_drive.o(i.lcd_data) refers to systick_time.o(i.DelayUs) for DelayUs
    lcd_1602_drive.o(i.lcd_data) refers to lcd_1602_drive.o(i.lcd_e) for lcd_e
    lcd_1602_drive.o(i.lcd_e) refers to gp_drive.o(i.W_GP) for W_GP
    lcd_1602_drive.o(i.lcd_i2c_cmd) refers to pcf8574_drive.o(i.PCF8574_tx_byte) for PCF8574_tx_byte
    lcd_1602_drive.o(i.lcd_i2c_cmd) refers to systick_time.o(i.DelayUs) for DelayUs
    lcd_1602_drive.o(i.lcd_i2c_data) refers to pcf8574_drive.o(i.PCF8574_tx_byte) for PCF8574_tx_byte
    lcd_1602_drive.o(i.lcd_i2c_data) refers to systick_time.o(i.DelayUs) for DelayUs
    lcd_1602_drive.o(i.lcd_i2c_init) refers to i2c_drive.o(i.i2c_init) for i2c_init
    lcd_1602_drive.o(i.lcd_i2c_init) refers to systick_time.o(i.DelayMs) for DelayMs
    lcd_1602_drive.o(i.lcd_i2c_init) refers to pcf8574_drive.o(i.PCF8574_tx_byte) for PCF8574_tx_byte
    lcd_1602_drive.o(i.lcd_i2c_init) refers to systick_time.o(i.DelayUs) for DelayUs
    lcd_1602_drive.o(i.lcd_i2c_init) refers to lcd_1602_drive.o(i.lcd_i2c_cmd) for lcd_i2c_cmd
    lcd_1602_drive.o(i.lcd_i2c_msg) refers to lcd_1602_drive.o(i.lcd_i2c_cmd) for lcd_i2c_cmd
    lcd_1602_drive.o(i.lcd_i2c_msg) refers to systick_time.o(i.DelayUs) for DelayUs
    lcd_1602_drive.o(i.lcd_i2c_msg) refers to lcd_1602_drive.o(i.lcd_i2c_send) for lcd_i2c_send
    lcd_1602_drive.o(i.lcd_i2c_send) refers to lcd_1602_drive.o(i.lcd_i2c_data) for lcd_i2c_data
    lcd_1602_drive.o(i.lcd_i2c_send) refers to systick_time.o(i.DelayUs) for DelayUs
    lcd_1602_drive.o(i.lcd_init) refers to lcd_1602_drive.o(i.pin_output) for pin_output
    lcd_1602_drive.o(i.lcd_init) refers to systick_time.o(i.DelayMs) for DelayMs
    lcd_1602_drive.o(i.lcd_init) refers to lcd_1602_drive.o(i.lcd_rs) for lcd_rs
    lcd_1602_drive.o(i.lcd_init) refers to lcd_1602_drive.o(i.lcd_rw) for lcd_rw
    lcd_1602_drive.o(i.lcd_init) refers to systick_time.o(i.DelayUs) for DelayUs
    lcd_1602_drive.o(i.lcd_init) refers to lcd_1602_drive.o(i.lcd_e) for lcd_e
    lcd_1602_drive.o(i.lcd_init) refers to lcd_1602_drive.o(i.lcd_cmd) for lcd_cmd
    lcd_1602_drive.o(i.lcd_msg) refers to lcd_1602_drive.o(i.lcd_cmd) for lcd_cmd
    lcd_1602_drive.o(i.lcd_msg) refers to systick_time.o(i.DelayUs) for DelayUs
    lcd_1602_drive.o(i.lcd_msg) refers to lcd_1602_drive.o(i.lcd_send) for lcd_send
    lcd_1602_drive.o(i.lcd_rs) refers to gp_drive.o(i.W_GP) for W_GP
    lcd_1602_drive.o(i.lcd_rw) refers to gp_drive.o(i.W_GP) for W_GP
    lcd_1602_drive.o(i.lcd_send) refers to lcd_1602_drive.o(i.lcd_data) for lcd_data
    lcd_1602_drive.o(i.lcd_send) refers to systick_time.o(i.DelayUs) for DelayUs
    lcd_1602_drive.o(i.pin_output) refers to gp_drive.o(i.Digital_Output) for Digital_Output
    pcf8574_drive.o(i.PCF8574_add) refers to i2c_drive.o(i.i2c_add) for i2c_add
    pcf8574_drive.o(i.PCF8574_tx_byte) refers to i2c_drive.o(i.i2c_start) for i2c_start
    pcf8574_drive.o(i.PCF8574_tx_byte) refers to pcf8574_drive.o(i.PCF8574_add) for PCF8574_add
    pcf8574_drive.o(i.PCF8574_tx_byte) refers to i2c_drive.o(i.i2c_data) for i2c_data
    pcf8574_drive.o(i.PCF8574_tx_byte) refers to i2c_drive.o(i.i2c_stop) for i2c_stop
    systick_time.o(i.DelayMs) refers to systick_time.o(i.DelayMillis) for DelayMillis
    systick_time.o(i.DelayUs) refers to systick_time.o(i.Delaymicro) for Delaymicro
    systick_time.o(i.systick_int) refers to systick_time.o(i.systick_init) for systick_init
    help_func.o(i.char2int) refers to help_func.o(i.len_str) for len_str
    help_func.o(i.char2int) refers to help_func.o(i.find_str) for find_str
    help_func.o(i.find_str) refers to help_func.o(i.len_str) for len_str
    help_func.o(i.find_strL) refers to help_func.o(i.len_str) for len_str
    help_func.o(i.find_strL) refers to help_func.o(i.find_str) for find_str
    time_driver.o(i.TDelay_Micro) refers to time_driver.o(i.TDelay_Micros) for TDelay_Micros
    time_driver.o(i.TDelay_Micros) refers to time_driver.o(i.timer_start_micros) for timer_start_micros
    time_driver.o(i.TDelay_Milli) refers to time_driver.o(i.TDelay_Millis) for TDelay_Millis
    time_driver.o(i.TDelay_Millis) refers to time_driver.o(i.TDelay_Micros) for TDelay_Micros
    time_driver.o(i.get_time_micros) refers to time_driver.o(i.get_timer) for get_timer
    time_driver.o(i.get_time_millis) refers to time_driver.o(i.get_time_micros) for get_time_micros
    time_driver.o(i.servo_180_deg) refers to time_driver.o(i.timer_pwm_micro) for timer_pwm_micro
    time_driver.o(i.servo_speed_CCD) refers to time_driver.o(i.timer_pwm_micro) for timer_pwm_micro
    time_driver.o(i.servo_speed_CD) refers to time_driver.o(i.timer_pwm_micro) for timer_pwm_micro
    time_driver.o(i.timer_capture_micro) refers to time_driver.o(i.get_timer_address) for get_timer_address
    time_driver.o(i.timer_capture_micro) refers to time_driver.o(i.get_timer_pin) for get_timer_pin
    time_driver.o(i.timer_capture_micro) refers to time_driver.o(i.get_channel) for get_channel
    time_driver.o(i.timer_capture_micro) refers to gp_drive.o(i.init_GP) for init_GP
    time_driver.o(i.timer_compare_micro) refers to time_driver.o(i.get_timer_address) for get_timer_address
    time_driver.o(i.timer_compare_micro) refers to time_driver.o(i.get_timer_pin) for get_timer_pin
    time_driver.o(i.timer_compare_micro) refers to time_driver.o(i.get_channel) for get_channel
    time_driver.o(i.timer_compare_micro) refers to gp_drive.o(i.init_GP) for init_GP
    time_driver.o(i.timer_compare_milli) refers to time_driver.o(i.get_timer_address) for get_timer_address
    time_driver.o(i.timer_compare_milli) refers to time_driver.o(i.get_timer_pin) for get_timer_pin
    time_driver.o(i.timer_compare_milli) refers to time_driver.o(i.get_channel) for get_channel
    time_driver.o(i.timer_compare_milli) refers to gp_drive.o(i.init_GP) for init_GP
    time_driver.o(i.timer_get_capture_micro) refers to time_driver.o(i.get_timer_address) for get_timer_address
    time_driver.o(i.timer_get_capture_micro) refers to time_driver.o(i.get_channel) for get_channel
    time_driver.o(i.timer_irq_Rflag) refers to time_driver.o(i.get_timer) for get_timer
    time_driver.o(i.timer_irq_micro_start) refers to time_driver.o(i.timer_start_micros) for timer_start_micros
    time_driver.o(i.timer_irq_micro_start) refers to time_driver.o(i.__NVIC_EnableIRQ) for __NVIC_EnableIRQ
    time_driver.o(i.timer_irq_millis_start) refers to time_driver.o(i.timer_start_millis) for timer_start_millis
    time_driver.o(i.timer_irq_millis_start) refers to time_driver.o(i.__NVIC_EnableIRQ) for __NVIC_EnableIRQ
    time_driver.o(i.timer_irq_stop) refers to time_driver.o(i.get_timer) for get_timer
    time_driver.o(i.timer_irq_stop) refers to time_driver.o(i.__NVIC_DisableIRQ) for __NVIC_DisableIRQ
    time_driver.o(i.timer_pwm_micro) refers to time_driver.o(i.get_timer_address) for get_timer_address
    time_driver.o(i.timer_pwm_micro) refers to time_driver.o(i.get_timer_pin) for get_timer_pin
    time_driver.o(i.timer_pwm_micro) refers to time_driver.o(i.get_channel) for get_channel
    time_driver.o(i.timer_pwm_micro) refers to gp_drive.o(i.init_GP) for init_GP
    time_driver.o(i.timer_pwm_milli) refers to time_driver.o(i.get_timer_address) for get_timer_address
    time_driver.o(i.timer_pwm_milli) refers to time_driver.o(i.get_timer_pin) for get_timer_pin
    time_driver.o(i.timer_pwm_milli) refers to time_driver.o(i.get_channel) for get_channel
    time_driver.o(i.timer_pwm_milli) refers to gp_drive.o(i.init_GP) for init_GP
    time_driver.o(i.timer_start_micros) refers to time_driver.o(i.get_timer) for get_timer
    time_driver.o(i.timer_start_millis) refers to time_driver.o(i.get_timer) for get_timer
    time_driver.o(i.timer_stop) refers to time_driver.o(i.get_timer) for get_timer
    time_driver.o(i.timer_stop) refers to time_driver.o(i.timer_irq_stop) for timer_irq_stop
    stm32f10x_gpio.o(i.GPIO_AFIODeInit) refers to stm32f10x_rcc.o(i.RCC_APB2PeriphResetCmd) for RCC_APB2PeriphResetCmd
    stm32f10x_gpio.o(i.GPIO_DeInit) refers to stm32f10x_rcc.o(i.RCC_APB2PeriphResetCmd) for RCC_APB2PeriphResetCmd
    stm32f10x_i2c.o(i.I2C_DeInit) refers to stm32f10x_rcc.o(i.RCC_APB1PeriphResetCmd) for RCC_APB1PeriphResetCmd
    stm32f10x_i2c.o(i.I2C_Init) refers to stm32f10x_rcc.o(i.RCC_GetClocksFreq) for RCC_GetClocksFreq
    stm32f10x_rcc.o(i.RCC_GetClocksFreq) refers to stm32f10x_rcc.o(.data) for APBAHBPrescTable
    stm32f10x_rcc.o(i.RCC_WaitForHSEStartUp) refers to stm32f10x_rcc.o(i.RCC_GetFlagStatus) for RCC_GetFlagStatus
    stm32f10x_usart.o(i.USART_DeInit) refers to stm32f10x_rcc.o(i.RCC_APB2PeriphResetCmd) for RCC_APB2PeriphResetCmd
    stm32f10x_usart.o(i.USART_DeInit) refers to stm32f10x_rcc.o(i.RCC_APB1PeriphResetCmd) for RCC_APB1PeriphResetCmd
    stm32f10x_usart.o(i.USART_Init) refers to stm32f10x_rcc.o(i.RCC_GetClocksFreq) for RCC_GetClocksFreq
    gpio_stm32f10x.o(i.GPIO_PinConfigure) refers to gpio_stm32f10x.o(i.GPIO_GetPortClockState) for GPIO_GetPortClockState
    gpio_stm32f10x.o(i.GPIO_PinConfigure) refers to gpio_stm32f10x.o(i.GPIO_PortClock) for GPIO_PortClock
    startup_stm32f10x_md.o(STACK) refers (Special) to heapauxi.o(.text) for __use_two_region_memory
    startup_stm32f10x_md.o(HEAP) refers (Special) to heapauxi.o(.text) for __use_two_region_memory
    startup_stm32f10x_md.o(RESET) refers (Special) to heapauxi.o(.text) for __use_two_region_memory
    startup_stm32f10x_md.o(RESET) refers to startup_stm32f10x_md.o(STACK) for __initial_sp
    startup_stm32f10x_md.o(RESET) refers to startup_stm32f10x_md.o(.text) for Reset_Handler
    startup_stm32f10x_md.o(.text) refers (Special) to heapauxi.o(.text) for __use_two_region_memory
    startup_stm32f10x_md.o(.text) refers to system_stm32f10x.o(i.SystemInit) for SystemInit
    startup_stm32f10x_md.o(.text) refers to __main.o(!!!main) for __main
    startup_stm32f10x_md.o(.text) refers to startup_stm32f10x_md.o(HEAP) for Heap_Mem
    startup_stm32f10x_md.o(.text) refers to startup_stm32f10x_md.o(STACK) for Stack_Mem
    system_stm32f10x.o(i.SetSysClock) refers to system_stm32f10x.o(i.SetSysClockTo72) for SetSysClockTo72
    system_stm32f10x.o(i.SystemCoreClockUpdate) refers to system_stm32f10x.o(.data) for SystemCoreClock
    system_stm32f10x.o(i.SystemInit) refers to system_stm32f10x.o(i.SetSysClock) for SetSysClock
    __main.o(!!!main) refers to __rtentry.o(.ARM.Collect$$rtentry$$00000000) for __rt_entry
    __rtentry.o(.ARM.Collect$$rtentry$$00000000) refers (Special) to __rtentry2.o(.ARM.Collect$$rtentry$$0000000A) for __rt_entry_li
    __rtentry.o(.ARM.Collect$$rtentry$$00000000) refers (Special) to __rtentry2.o(.ARM.Collect$$rtentry$$0000000D) for __rt_entry_main
    __rtentry.o(.ARM.Collect$$rtentry$$00000000) refers (Special) to __rtentry2.o(.ARM.Collect$$rtentry$$0000000C) for __rt_entry_postli_1
    __rtentry.o(.ARM.Collect$$rtentry$$00000000) refers (Special) to __rtentry2.o(.ARM.Collect$$rtentry$$00000009) for __rt_entry_postsh_1
    __rtentry.o(.ARM.Collect$$rtentry$$00000000) refers (Special) to __rtentry2.o(.ARM.Collect$$rtentry$$00000002) for __rt_entry_presh_1
    __rtentry.o(.ARM.Collect$$rtentry$$00000000) refers (Special) to __rtentry4.o(.ARM.Collect$$rtentry$$00000004) for __rt_entry_sh
    __rtentry2.o(.ARM.Collect$$rtentry$$00000008) refers to boardinit2.o(.text) for _platform_post_stackheap_init
    __rtentry2.o(.ARM.Collect$$rtentry$$0000000A) refers to libinit.o(.ARM.Collect$$libinit$$00000000) for __rt_lib_init
    __rtentry2.o(.ARM.Collect$$rtentry$$0000000B) refers to boardinit3.o(.text) for _platform_post_lib_init
    __rtentry2.o(.ARM.Collect$$rtentry$$0000000D) refers to main.o(i.main) for main
    __rtentry2.o(.ARM.Collect$$rtentry$$0000000D) refers to exit.o(.text) for exit
    __rtentry2.o(.ARM.exidx) refers to __rtentry2.o(.ARM.Collect$$rtentry$$00000001) for .ARM.Collect$$rtentry$$00000001
    __rtentry2.o(.ARM.exidx) refers to __rtentry2.o(.ARM.Collect$$rtentry$$00000008) for .ARM.Collect$$rtentry$$00000008
    __rtentry2.o(.ARM.exidx) refers to __rtentry2.o(.ARM.Collect$$rtentry$$0000000A) for .ARM.Collect$$rtentry$$0000000A
    __rtentry2.o(.ARM.exidx) refers to __rtentry2.o(.ARM.Collect$$rtentry$$0000000B) for .ARM.Collect$$rtentry$$0000000B
    __rtentry2.o(.ARM.exidx) refers to __rtentry2.o(.ARM.Collect$$rtentry$$0000000D) for .ARM.Collect$$rtentry$$0000000D
    __rtentry4.o(.ARM.Collect$$rtentry$$00000004) refers to sys_stackheap_outer.o(.text) for __user_setup_stackheap
    __rtentry4.o(.ARM.exidx) refers to __rtentry4.o(.ARM.Collect$$rtentry$$00000004) for .ARM.Collect$$rtentry$$00000004
    sys_stackheap_outer.o(.text) refers to libspace.o(.text) for __user_perproc_libspace
    sys_stackheap_outer.o(.text) refers to startup_stm32f10x_md.o(.text) for __user_initial_stackheap
    exit.o(.text) refers to rtexit.o(.ARM.Collect$$rtexit$$00000000) for __rt_exit
    libinit.o(.ARM.Collect$$libinit$$00000000) refers (Special) to libinit2.o(.ARM.Collect$$libinit$$0000002E) for __rt_lib_init_alloca_1
    libinit.o(.ARM.Collect$$libinit$$00000000) refers (Special) to libinit2.o(.ARM.Collect$$libinit$$0000002C) for __rt_lib_init_argv_1
    libinit.o(.ARM.Collect$$libinit$$00000000) refers (Special) to libinit2.o(.ARM.Collect$$libinit$$0000001B) for __rt_lib_init_atexit_1
    libinit.o(.ARM.Collect$$libinit$$00000000) refers (Special) to libinit2.o(.ARM.Collect$$libinit$$00000021) for __rt_lib_init_clock_1
    libinit.o(.ARM.Collect$$libinit$$00000000) refers (Special) to libinit2.o(.ARM.Collect$$libinit$$00000032) for __rt_lib_init_cpp_1
    libinit.o(.ARM.Collect$$libinit$$00000000) refers (Special) to libinit2.o(.ARM.Collect$$libinit$$00000030) for __rt_lib_init_exceptions_1
    libinit.o(.ARM.Collect$$libinit$$00000000) refers (Special) to libinit2.o(.ARM.Collect$$libinit$$00000002) for __rt_lib_init_fp_1
    libinit.o(.ARM.Collect$$libinit$$00000000) refers (Special) to libinit2.o(.ARM.Collect$$libinit$$0000001F) for __rt_lib_init_fp_trap_1
    libinit.o(.ARM.Collect$$libinit$$00000000) refers (Special) to libinit2.o(.ARM.Collect$$libinit$$00000023) for __rt_lib_init_getenv_1
    libinit.o(.ARM.Collect$$libinit$$00000000) refers (Special) to libinit2.o(.ARM.Collect$$libinit$$0000000A) for __rt_lib_init_heap_1
    libinit.o(.ARM.Collect$$libinit$$00000000) refers (Special) to libinit2.o(.ARM.Collect$$libinit$$00000011) for __rt_lib_init_lc_collate_1
    libinit.o(.ARM.Collect$$libinit$$00000000) refers (Special) to libinit2.o(.ARM.Collect$$libinit$$00000013) for __rt_lib_init_lc_ctype_1
    libinit.o(.ARM.Collect$$libinit$$00000000) refers (Special) to libinit2.o(.ARM.Collect$$libinit$$00000015) for __rt_lib_init_lc_monetary_1
    libinit.o(.ARM.Collect$$libinit$$00000000) refers (Special) to libinit2.o(.ARM.Collect$$libinit$$00000017) for __rt_lib_init_lc_numeric_1
    libinit.o(.ARM.Collect$$libinit$$00000000) refers (Special) to libinit2.o(.ARM.Collect$$libinit$$00000019) for __rt_lib_init_lc_time_1
    libinit.o(.ARM.Collect$$libinit$$00000000) refers (Special) to libinit2.o(.ARM.Collect$$libinit$$00000004) for __rt_lib_init_preinit_1
    libinit.o(.ARM.Collect$$libinit$$00000000) refers (Special) to libinit2.o(.ARM.Collect$$libinit$$0000000E) for __rt_lib_init_rand_1
    libinit.o(.ARM.Collect$$libinit$$00000000) refers (Special) to libinit2.o(.ARM.Collect$$libinit$$00000033) for __rt_lib_init_return
    libinit.o(.ARM.Collect$$libinit$$00000000) refers (Special) to libinit2.o(.ARM.Collect$$libinit$$0000001D) for __rt_lib_init_signal_1
    libinit.o(.ARM.Collect$$libinit$$00000000) refers (Special) to libinit2.o(.ARM.Collect$$libinit$$00000025) for __rt_lib_init_stdio_1
    libinit.o(.ARM.Collect$$libinit$$00000000) refers (Special) to libinit2.o(.ARM.Collect$$libinit$$0000000C) for __rt_lib_init_user_alloc_1
    libspace.o(.text) refers to libspace.o(.bss) for __libspace_start
    rtexit.o(.ARM.Collect$$rtexit$$00000000) refers (Special) to rtexit2.o(.ARM.Collect$$rtexit$$00000004) for __rt_exit_exit
    rtexit.o(.ARM.Collect$$rtexit$$00000000) refers (Special) to rtexit2.o(.ARM.Collect$$rtexit$$00000003) for __rt_exit_ls
    rtexit.o(.ARM.Collect$$rtexit$$00000000) refers (Special) to rtexit2.o(.ARM.Collect$$rtexit$$00000002) for __rt_exit_prels_1
    rtexit.o(.ARM.exidx) refers (Special) to rtexit2.o(.ARM.Collect$$rtexit$$00000004) for __rt_exit_exit
    rtexit.o(.ARM.exidx) refers (Special) to rtexit2.o(.ARM.Collect$$rtexit$$00000003) for __rt_exit_ls
    rtexit.o(.ARM.exidx) refers (Special) to rtexit2.o(.ARM.Collect$$rtexit$$00000002) for __rt_exit_prels_1
    rtexit.o(.ARM.exidx) refers to rtexit.o(.ARM.Collect$$rtexit$$00000000) for .ARM.Collect$$rtexit$$00000000
    libinit2.o(.ARM.Collect$$libinit$$00000010) refers to libinit2.o(.ARM.Collect$$libinit$$0000000F) for .ARM.Collect$$libinit$$0000000F
    libinit2.o(.ARM.Collect$$libinit$$00000012) refers to libinit2.o(.ARM.Collect$$libinit$$0000000F) for .ARM.Collect$$libinit$$0000000F
    libinit2.o(.ARM.Collect$$libinit$$00000014) refers to libinit2.o(.ARM.Collect$$libinit$$0000000F) for .ARM.Collect$$libinit$$0000000F
    libinit2.o(.ARM.Collect$$libinit$$00000016) refers to libinit2.o(.ARM.Collect$$libinit$$0000000F) for .ARM.Collect$$libinit$$0000000F
    libinit2.o(.ARM.Collect$$libinit$$00000018) refers to libinit2.o(.ARM.Collect$$libinit$$0000000F) for .ARM.Collect$$libinit$$0000000F
    libinit2.o(.ARM.Collect$$libinit$$00000026) refers to argv_veneer.o(.emb_text) for __ARM_argv_veneer
    libinit2.o(.ARM.Collect$$libinit$$00000027) refers to argv_veneer.o(.emb_text) for __ARM_argv_veneer
    rtexit2.o(.ARM.Collect$$rtexit$$00000003) refers to libshutdown.o(.ARM.Collect$$libshutdown$$00000000) for __rt_lib_shutdown
    rtexit2.o(.ARM.Collect$$rtexit$$00000004) refers to sys_exit.o(.text) for _sys_exit
    rtexit2.o(.ARM.exidx) refers to rtexit2.o(.ARM.Collect$$rtexit$$00000001) for .ARM.Collect$$rtexit$$00000001
    rtexit2.o(.ARM.exidx) refers to rtexit2.o(.ARM.Collect$$rtexit$$00000003) for .ARM.Collect$$rtexit$$00000003
    rtexit2.o(.ARM.exidx) refers to rtexit2.o(.ARM.Collect$$rtexit$$00000004) for .ARM.Collect$$rtexit$$00000004
    argv_veneer.o(.emb_text) refers to no_argv.o(.text) for __ARM_get_argv
    sys_exit.o(.text) refers (Special) to use_no_semi.o(.text) for __I$use$semihosting
    sys_exit.o(.text) refers (Special) to indicate_semi.o(.text) for __semihosting_library_function
    _get_argv_nomalloc.o(.text) refers (Special) to hrguard.o(.text) for __heap_region$guard
    _get_argv_nomalloc.o(.text) refers to defsig_rtmem_outer.o(.text) for __rt_SIGRTMEM
    _get_argv_nomalloc.o(.text) refers to sys_command.o(.text) for _sys_command_string
    libshutdown.o(.ARM.Collect$$libshutdown$$00000000) refers (Special) to libshutdown2.o(.ARM.Collect$$libshutdown$$00000002) for __rt_lib_shutdown_cpp_1
    libshutdown.o(.ARM.Collect$$libshutdown$$00000000) refers (Special) to libshutdown2.o(.ARM.Collect$$libshutdown$$00000007) for __rt_lib_shutdown_fp_trap_1
    libshutdown.o(.ARM.Collect$$libshutdown$$00000000) refers (Special) to libshutdown2.o(.ARM.Collect$$libshutdown$$0000000F) for __rt_lib_shutdown_heap_1
    libshutdown.o(.ARM.Collect$$libshutdown$$00000000) refers (Special) to libshutdown2.o(.ARM.Collect$$libshutdown$$00000010) for __rt_lib_shutdown_return
    libshutdown.o(.ARM.Collect$$libshutdown$$00000000) refers (Special) to libshutdown2.o(.ARM.Collect$$libshutdown$$0000000A) for __rt_lib_shutdown_signal_1
    libshutdown.o(.ARM.Collect$$libshutdown$$00000000) refers (Special) to libshutdown2.o(.ARM.Collect$$libshutdown$$00000004) for __rt_lib_shutdown_stdio_1
    libshutdown.o(.ARM.Collect$$libshutdown$$00000000) refers (Special) to libshutdown2.o(.ARM.Collect$$libshutdown$$0000000C) for __rt_lib_shutdown_user_alloc_1
    sys_command.o(.text) refers (Special) to use_no_semi.o(.text) for __I$use$semihosting
    sys_command.o(.text) refers (Special) to indicate_semi.o(.text) for __semihosting_library_function
    defsig_rtmem_outer.o(.text) refers to defsig_rtmem_inner.o(.text) for __rt_SIGRTMEM_inner
    defsig_rtmem_outer.o(.text) refers to defsig_exit.o(.text) for __sig_exit
    defsig_rtmem_formal.o(.text) refers to rt_raise.o(.text) for __rt_raise
    rt_raise.o(.text) refers to __raise.o(.text) for __raise
    rt_raise.o(.text) refers to sys_exit.o(.text) for _sys_exit
    defsig_exit.o(.text) refers to sys_exit.o(.text) for _sys_exit
    defsig_rtmem_inner.o(.text) refers to defsig_general.o(.text) for __default_signal_display
    __raise.o(.text) refers to defsig.o(CL$$defsig) for __default_signal_handler
    defsig_general.o(.text) refers to sys_wrch.o(.text) for _ttywrch
    sys_wrch.o(.text) refers (Special) to use_no_semi.o(.text) for __I$use$semihosting
    sys_wrch.o(.text) refers (Special) to indicate_semi.o(.text) for __semihosting_library_function
    defsig.o(CL$$defsig) refers to defsig_rtmem_inner.o(.text) for __rt_SIGRTMEM_inner
    defsig_abrt_inner.o(.text) refers to defsig_general.o(.text) for __default_signal_display
    defsig_fpe_inner.o(.text) refers to defsig_general.o(.text) for __default_signal_display
    defsig_rtred_inner.o(.text) refers to defsig_general.o(.text) for __default_signal_display
    defsig_stak_inner.o(.text) refers to defsig_general.o(.text) for __default_signal_display
    defsig_pvfn_inner.o(.text) refers to defsig_general.o(.text) for __default_signal_display
    defsig_cppl_inner.o(.text) refers to defsig_general.o(.text) for __default_signal_display
    defsig_segv_inner.o(.text) refers to defsig_general.o(.text) for __default_signal_display
    defsig_other.o(.text) refers to defsig_general.o(.text) for __default_signal_display


==============================================================================

Removing Unused input sections from the image.

    Removing main.o(.rev16_text), (4 bytes).
    Removing main.o(.revsh_text), (4 bytes).
    Removing main.o(.rrx_text), (6 bytes).
    Removing gp_drive.o(.rev16_text), (4 bytes).
    Removing gp_drive.o(.revsh_text), (4 bytes).
    Removing gp_drive.o(.rrx_text), (6 bytes).
    Removing gp_drive.o(i.BLED), (16 bytes).
    Removing gp_drive.o(i.B_init), (16 bytes).
    Removing gp_drive.o(i.PINc), (40 bytes).
    Removing gp_drive.o(i.toggle_GP), (40 bytes).
    Removing i2c_drive.o(.rev16_text), (4 bytes).
    Removing i2c_drive.o(.revsh_text), (4 bytes).
    Removing i2c_drive.o(.rrx_text), (6 bytes).
    Removing i2c_drive.o(i.i2c_rx), (124 bytes).
    Removing i2c_drive.o(i.i2c_write), (52 bytes).
    Removing lcd_1602_drive.o(.rev16_text), (4 bytes).
    Removing lcd_1602_drive.o(.revsh_text), (4 bytes).
    Removing lcd_1602_drive.o(.rrx_text), (6 bytes).
    Removing lcd_1602_drive.o(i.lcd_blank_1), (40 bytes).
    Removing lcd_1602_drive.o(i.lcd_blank_12), (18 bytes).
    Removing lcd_1602_drive.o(i.lcd_blank_2), (40 bytes).
    Removing lcd_1602_drive.o(i.lcd_cmd), (148 bytes).
    Removing lcd_1602_drive.o(i.lcd_data), (148 bytes).
    Removing lcd_1602_drive.o(i.lcd_e), (16 bytes).
    Removing lcd_1602_drive.o(i.lcd_init), (352 bytes).
    Removing lcd_1602_drive.o(i.lcd_msg), (52 bytes).
    Removing lcd_1602_drive.o(i.lcd_rs), (16 bytes).
    Removing lcd_1602_drive.o(i.lcd_rw), (16 bytes).
    Removing lcd_1602_drive.o(i.lcd_send), (30 bytes).
    Removing lcd_1602_drive.o(i.pin_output), (28 bytes).
    Removing pcf8574_drive.o(.rev16_text), (4 bytes).
    Removing pcf8574_drive.o(.revsh_text), (4 bytes).
    Removing pcf8574_drive.o(.rrx_text), (6 bytes).
    Removing systick_time.o(.rev16_text), (4 bytes).
    Removing systick_time.o(.revsh_text), (4 bytes).
    Removing systick_time.o(.rrx_text), (6 bytes).
    Removing systick_time.o(i.systick_int), (108 bytes).
    Removing systick_time.o(i.systick_int_start), (36 bytes).
    Removing help_func.o(i.Concatstr), (36 bytes).
    Removing help_func.o(i.char2int), (100 bytes).
    Removing help_func.o(i.find_str), (120 bytes).
    Removing help_func.o(i.find_strL), (50 bytes).
    Removing help_func.o(i.len_str), (18 bytes).
    Removing time_driver.o(.rev16_text), (4 bytes).
    Removing time_driver.o(.revsh_text), (4 bytes).
    Removing time_driver.o(.rrx_text), (6 bytes).
    Removing time_driver.o(i.__NVIC_DisableIRQ), (60 bytes).
    Removing time_driver.o(i.__NVIC_EnableIRQ), (26 bytes).
    Removing time_driver.o(i.get_channel), (98 bytes).
    Removing time_driver.o(i.get_time_millis), (22 bytes).
    Removing time_driver.o(i.get_timer_address), (72 bytes).
    Removing time_driver.o(i.get_timer_pin), (62 bytes).
    Removing time_driver.o(i.servo_180_deg), (50 bytes).
    Removing time_driver.o(i.servo_speed_CCD), (46 bytes).
    Removing time_driver.o(i.servo_speed_CD), (46 bytes).
    Removing time_driver.o(i.timer_capture_micro), (264 bytes).
    Removing time_driver.o(i.timer_compare_micro), (256 bytes).
    Removing time_driver.o(i.timer_compare_milli), (264 bytes).
    Removing time_driver.o(i.timer_get_capture_micro), (96 bytes).
    Removing time_driver.o(i.timer_irq_Rflag), (24 bytes).
    Removing time_driver.o(i.timer_irq_micro_start), (82 bytes).
    Removing time_driver.o(i.timer_irq_millis_start), (82 bytes).
    Removing time_driver.o(i.timer_irq_stop), (80 bytes).
    Removing time_driver.o(i.timer_pwm_micro), (256 bytes).
    Removing time_driver.o(i.timer_pwm_milli), (264 bytes).
    Removing time_driver.o(i.timer_start_millis), (84 bytes).
    Removing time_driver.o(i.timer_stop), (64 bytes).
    Removing misc.o(.rev16_text), (4 bytes).
    Removing misc.o(.revsh_text), (4 bytes).
    Removing misc.o(.rrx_text), (6 bytes).
    Removing misc.o(i.NVIC_Init), (112 bytes).
    Removing misc.o(i.NVIC_PriorityGroupConfig), (20 bytes).
    Removing misc.o(i.NVIC_SetVectorTable), (20 bytes).
    Removing misc.o(i.NVIC_SystemLPConfig), (32 bytes).
    Removing misc.o(i.SysTick_CLKSourceConfig), (40 bytes).
    Removing stm32f10x_gpio.o(.rev16_text), (4 bytes).
    Removing stm32f10x_gpio.o(.revsh_text), (4 bytes).
    Removing stm32f10x_gpio.o(.rrx_text), (6 bytes).
    Removing stm32f10x_gpio.o(i.GPIO_AFIODeInit), (20 bytes).
    Removing stm32f10x_gpio.o(i.GPIO_DeInit), (200 bytes).
    Removing stm32f10x_gpio.o(i.GPIO_ETH_MediaInterfaceConfig), (12 bytes).
    Removing stm32f10x_gpio.o(i.GPIO_EXTILineConfig), (64 bytes).
    Removing stm32f10x_gpio.o(i.GPIO_EventOutputCmd), (12 bytes).
    Removing stm32f10x_gpio.o(i.GPIO_EventOutputConfig), (32 bytes).
    Removing stm32f10x_gpio.o(i.GPIO_PinLockConfig), (18 bytes).
    Removing stm32f10x_gpio.o(i.GPIO_PinRemapConfig), (144 bytes).
    Removing stm32f10x_gpio.o(i.GPIO_ReadInputData), (8 bytes).
    Removing stm32f10x_gpio.o(i.GPIO_ReadInputDataBit), (18 bytes).
    Removing stm32f10x_gpio.o(i.GPIO_ReadOutputData), (8 bytes).
    Removing stm32f10x_gpio.o(i.GPIO_ReadOutputDataBit), (18 bytes).
    Removing stm32f10x_gpio.o(i.GPIO_StructInit), (16 bytes).
    Removing stm32f10x_gpio.o(i.GPIO_Write), (4 bytes).
    Removing stm32f10x_gpio.o(i.GPIO_WriteBit), (10 bytes).
    Removing stm32f10x_i2c.o(.rev16_text), (4 bytes).
    Removing stm32f10x_i2c.o(.revsh_text), (4 bytes).
    Removing stm32f10x_i2c.o(.rrx_text), (6 bytes).
    Removing stm32f10x_i2c.o(i.I2C_ARPCmd), (24 bytes).
    Removing stm32f10x_i2c.o(i.I2C_AcknowledgeConfig), (24 bytes).
    Removing stm32f10x_i2c.o(i.I2C_CalculatePEC), (24 bytes).
    Removing stm32f10x_i2c.o(i.I2C_CheckEvent), (42 bytes).
    Removing stm32f10x_i2c.o(i.I2C_ClearFlag), (12 bytes).
    Removing stm32f10x_i2c.o(i.I2C_ClearITPendingBit), (12 bytes).
    Removing stm32f10x_i2c.o(i.I2C_Cmd), (24 bytes).
    Removing stm32f10x_i2c.o(i.I2C_DMACmd), (24 bytes).
    Removing stm32f10x_i2c.o(i.I2C_DMALastTransferCmd), (24 bytes).
    Removing stm32f10x_i2c.o(i.I2C_DeInit), (56 bytes).
    Removing stm32f10x_i2c.o(i.I2C_DualAddressCmd), (24 bytes).
    Removing stm32f10x_i2c.o(i.I2C_FastModeDutyCycleConfig), (28 bytes).
    Removing stm32f10x_i2c.o(i.I2C_GeneralCallCmd), (24 bytes).
    Removing stm32f10x_i2c.o(i.I2C_GenerateSTART), (24 bytes).
    Removing stm32f10x_i2c.o(i.I2C_GenerateSTOP), (24 bytes).
    Removing stm32f10x_i2c.o(i.I2C_GetFlagStatus), (58 bytes).
    Removing stm32f10x_i2c.o(i.I2C_GetITStatus), (38 bytes).
    Removing stm32f10x_i2c.o(i.I2C_GetLastEvent), (26 bytes).
    Removing stm32f10x_i2c.o(i.I2C_GetPEC), (8 bytes).
    Removing stm32f10x_i2c.o(i.I2C_ITConfig), (18 bytes).
    Removing stm32f10x_i2c.o(i.I2C_Init), (236 bytes).
    Removing stm32f10x_i2c.o(i.I2C_NACKPositionConfig), (28 bytes).
    Removing stm32f10x_i2c.o(i.I2C_OwnAddress2Config), (22 bytes).
    Removing stm32f10x_i2c.o(i.I2C_PECPositionConfig), (28 bytes).
    Removing stm32f10x_i2c.o(i.I2C_ReadRegister), (22 bytes).
    Removing stm32f10x_i2c.o(i.I2C_ReceiveData), (8 bytes).
    Removing stm32f10x_i2c.o(i.I2C_SMBusAlertConfig), (28 bytes).
    Removing stm32f10x_i2c.o(i.I2C_Send7bitAddress), (18 bytes).
    Removing stm32f10x_i2c.o(i.I2C_SendData), (4 bytes).
    Removing stm32f10x_i2c.o(i.I2C_SoftwareResetCmd), (22 bytes).
    Removing stm32f10x_i2c.o(i.I2C_StretchClockCmd), (24 bytes).
    Removing stm32f10x_i2c.o(i.I2C_StructInit), (30 bytes).
    Removing stm32f10x_i2c.o(i.I2C_TransmitPEC), (24 bytes).
    Removing stm32f10x_rcc.o(.rev16_text), (4 bytes).
    Removing stm32f10x_rcc.o(.revsh_text), (4 bytes).
    Removing stm32f10x_rcc.o(.rrx_text), (6 bytes).
    Removing stm32f10x_rcc.o(i.RCC_ADCCLKConfig), (24 bytes).
    Removing stm32f10x_rcc.o(i.RCC_AHBPeriphClockCmd), (32 bytes).
    Removing stm32f10x_rcc.o(i.RCC_APB1PeriphClockCmd), (32 bytes).
    Removing stm32f10x_rcc.o(i.RCC_APB1PeriphResetCmd), (32 bytes).
    Removing stm32f10x_rcc.o(i.RCC_APB2PeriphResetCmd), (32 bytes).
    Removing stm32f10x_rcc.o(i.RCC_AdjustHSICalibrationValue), (24 bytes).
    Removing stm32f10x_rcc.o(i.RCC_BackupResetCmd), (12 bytes).
    Removing stm32f10x_rcc.o(i.RCC_ClearFlag), (20 bytes).
    Removing stm32f10x_rcc.o(i.RCC_ClearITPendingBit), (12 bytes).
    Removing stm32f10x_rcc.o(i.RCC_ClockSecuritySystemCmd), (12 bytes).
    Removing stm32f10x_rcc.o(i.RCC_DeInit), (76 bytes).
    Removing stm32f10x_rcc.o(i.RCC_GetClocksFreq), (212 bytes).
    Removing stm32f10x_rcc.o(i.RCC_GetFlagStatus), (60 bytes).
    Removing stm32f10x_rcc.o(i.RCC_GetITStatus), (24 bytes).
    Removing stm32f10x_rcc.o(i.RCC_GetSYSCLKSource), (16 bytes).
    Removing stm32f10x_rcc.o(i.RCC_HCLKConfig), (24 bytes).
    Removing stm32f10x_rcc.o(i.RCC_HSEConfig), (76 bytes).
    Removing stm32f10x_rcc.o(i.RCC_HSICmd), (12 bytes).
    Removing stm32f10x_rcc.o(i.RCC_ITConfig), (32 bytes).
    Removing stm32f10x_rcc.o(i.RCC_LSEConfig), (52 bytes).
    Removing stm32f10x_rcc.o(i.RCC_LSICmd), (12 bytes).
    Removing stm32f10x_rcc.o(i.RCC_MCOConfig), (12 bytes).
    Removing stm32f10x_rcc.o(i.RCC_PCLK1Config), (24 bytes).
    Removing stm32f10x_rcc.o(i.RCC_PCLK2Config), (24 bytes).
    Removing stm32f10x_rcc.o(i.RCC_PLLCmd), (12 bytes).
    Removing stm32f10x_rcc.o(i.RCC_PLLConfig), (28 bytes).
    Removing stm32f10x_rcc.o(i.RCC_RTCCLKCmd), (12 bytes).
    Removing stm32f10x_rcc.o(i.RCC_RTCCLKConfig), (16 bytes).
    Removing stm32f10x_rcc.o(i.RCC_SYSCLKConfig), (24 bytes).
    Removing stm32f10x_rcc.o(i.RCC_USBCLKConfig), (12 bytes).
    Removing stm32f10x_rcc.o(i.RCC_WaitForHSEStartUp), (56 bytes).
    Removing stm32f10x_rcc.o(.data), (20 bytes).
    Removing stm32f10x_usart.o(.rev16_text), (4 bytes).
    Removing stm32f10x_usart.o(.revsh_text), (4 bytes).
    Removing stm32f10x_usart.o(.rrx_text), (6 bytes).
    Removing stm32f10x_usart.o(i.USART_ClearFlag), (18 bytes).
    Removing stm32f10x_usart.o(i.USART_ClearITPendingBit), (30 bytes).
    Removing stm32f10x_usart.o(i.USART_ClockInit), (34 bytes).
    Removing stm32f10x_usart.o(i.USART_ClockStructInit), (12 bytes).
    Removing stm32f10x_usart.o(i.USART_Cmd), (24 bytes).
    Removing stm32f10x_usart.o(i.USART_DMACmd), (18 bytes).
    Removing stm32f10x_usart.o(i.USART_DeInit), (156 bytes).
    Removing stm32f10x_usart.o(i.USART_GetFlagStatus), (26 bytes).
    Removing stm32f10x_usart.o(i.USART_GetITStatus), (84 bytes).
    Removing stm32f10x_usart.o(i.USART_HalfDuplexCmd), (24 bytes).
    Removing stm32f10x_usart.o(i.USART_ITConfig), (74 bytes).
    Removing stm32f10x_usart.o(i.USART_Init), (216 bytes).
    Removing stm32f10x_usart.o(i.USART_IrDACmd), (24 bytes).
    Removing stm32f10x_usart.o(i.USART_IrDAConfig), (18 bytes).
    Removing stm32f10x_usart.o(i.USART_LINBreakDetectLengthConfig), (18 bytes).
    Removing stm32f10x_usart.o(i.USART_LINCmd), (24 bytes).
    Removing stm32f10x_usart.o(i.USART_OneBitMethodCmd), (24 bytes).
    Removing stm32f10x_usart.o(i.USART_OverSampling8Cmd), (22 bytes).
    Removing stm32f10x_usart.o(i.USART_ReceiveData), (10 bytes).
    Removing stm32f10x_usart.o(i.USART_ReceiverWakeUpCmd), (24 bytes).
    Removing stm32f10x_usart.o(i.USART_SendBreak), (10 bytes).
    Removing stm32f10x_usart.o(i.USART_SendData), (8 bytes).
    Removing stm32f10x_usart.o(i.USART_SetAddress), (18 bytes).
    Removing stm32f10x_usart.o(i.USART_SetGuardTime), (16 bytes).
    Removing stm32f10x_usart.o(i.USART_SetPrescaler), (16 bytes).
    Removing stm32f10x_usart.o(i.USART_SmartCardCmd), (24 bytes).
    Removing stm32f10x_usart.o(i.USART_SmartCardNACKCmd), (24 bytes).
    Removing stm32f10x_usart.o(i.USART_StructInit), (24 bytes).
    Removing stm32f10x_usart.o(i.USART_WakeUpConfig), (18 bytes).
    Removing gpio_stm32f10x.o(.rev16_text), (4 bytes).
    Removing gpio_stm32f10x.o(.revsh_text), (4 bytes).
    Removing gpio_stm32f10x.o(.rrx_text), (6 bytes).
    Removing gpio_stm32f10x.o(i.GPIO_AFConfigure), (156 bytes).
    Removing gpio_stm32f10x.o(i.GPIO_GetPortClockState), (152 bytes).
    Removing gpio_stm32f10x.o(i.GPIO_PinConfigure), (120 bytes).
    Removing gpio_stm32f10x.o(i.GPIO_PortClock), (316 bytes).
    Removing system_stm32f10x.o(.rev16_text), (4 bytes).
    Removing system_stm32f10x.o(.revsh_text), (4 bytes).
    Removing system_stm32f10x.o(.rrx_text), (6 bytes).
    Removing system_stm32f10x.o(i.SystemCoreClockUpdate), (164 bytes).
    Removing system_stm32f10x.o(.data), (20 bytes).

208 unused section(s) (total 9028 bytes) removed from the image.

==============================================================================

Image Symbol Table

    Local Symbols

    Symbol Name                              Value     Ov Type        Size  Object(Section)

    ../clib/angel/boardlib.s                 0x00000000   Number         0  boardinit1.o ABSOLUTE
    ../clib/angel/boardlib.s                 0x00000000   Number         0  boardshut.o ABSOLUTE
    ../clib/angel/boardlib.s                 0x00000000   Number         0  boardinit2.o ABSOLUTE
    ../clib/angel/boardlib.s                 0x00000000   Number         0  boardinit3.o ABSOLUTE
    ../clib/angel/handlers.s                 0x00000000   Number         0  __scatter_zi.o ABSOLUTE
    ../clib/angel/handlers.s                 0x00000000   Number         0  __scatter_copy.o ABSOLUTE
    ../clib/angel/kernel.s                   0x00000000   Number         0  rtexit.o ABSOLUTE
    ../clib/angel/kernel.s                   0x00000000   Number         0  __rtentry.o ABSOLUTE
    ../clib/angel/kernel.s                   0x00000000   Number         0  rtexit2.o ABSOLUTE
    ../clib/angel/kernel.s                   0x00000000   Number         0  __rtentry2.o ABSOLUTE
    ../clib/angel/kernel.s                   0x00000000   Number         0  __rtentry4.o ABSOLUTE
    ../clib/angel/rt.s                       0x00000000   Number         0  rt_raise.o ABSOLUTE
    ../clib/angel/scatter.s                  0x00000000   Number         0  __scatter.o ABSOLUTE
    ../clib/angel/startup.s                  0x00000000   Number         0  __main.o ABSOLUTE
    ../clib/angel/sys.s                      0x00000000   Number         0  sys_stackheap_outer.o ABSOLUTE
    ../clib/angel/sys.s                      0x00000000   Number         0  use_no_semi.o ABSOLUTE
    ../clib/angel/sys.s                      0x00000000   Number         0  indicate_semi.o ABSOLUTE
    ../clib/angel/sys.s                      0x00000000   Number         0  libspace.o ABSOLUTE
    ../clib/angel/sysapp.c                   0x00000000   Number         0  sys_exit.o ABSOLUTE
    ../clib/angel/sysapp.c                   0x00000000   Number         0  sys_wrch.o ABSOLUTE
    ../clib/angel/sysapp.c                   0x00000000   Number         0  sys_command.o ABSOLUTE
    ../clib/armsys.c                         0x00000000   Number         0  argv_veneer.o ABSOLUTE
    ../clib/armsys.c                         0x00000000   Number         0  argv_veneer.o ABSOLUTE
    ../clib/armsys.c                         0x00000000   Number         0  _get_argv_nomalloc.o ABSOLUTE
    ../clib/armsys.c                         0x00000000   Number         0  no_argv.o ABSOLUTE
    ../clib/heapalloc.c                      0x00000000   Number         0  hrguard.o ABSOLUTE
    ../clib/heapaux.c                        0x00000000   Number         0  heapauxi.o ABSOLUTE
    ../clib/libinit.s                        0x00000000   Number         0  libinit2.o ABSOLUTE
    ../clib/libinit.s                        0x00000000   Number         0  libinit.o ABSOLUTE
    ../clib/libinit.s                        0x00000000   Number         0  libshutdown.o ABSOLUTE
    ../clib/libinit.s                        0x00000000   Number         0  libshutdown2.o ABSOLUTE
    ../clib/signal.c                         0x00000000   Number         0  defsig_other.o ABSOLUTE
    ../clib/signal.c                         0x00000000   Number         0  defsig_fpe_inner.o ABSOLUTE
    ../clib/signal.c                         0x00000000   Number         0  defsig_segv_inner.o ABSOLUTE
    ../clib/signal.c                         0x00000000   Number         0  defsig_rtmem_formal.o ABSOLUTE
    ../clib/signal.c                         0x00000000   Number         0  defsig_rtmem_outer.o ABSOLUTE
    ../clib/signal.c                         0x00000000   Number         0  defsig_exit.o ABSOLUTE
    ../clib/signal.c                         0x00000000   Number         0  defsig_rtmem_inner.o ABSOLUTE
    ../clib/signal.c                         0x00000000   Number         0  __raise.o ABSOLUTE
    ../clib/signal.c                         0x00000000   Number         0  defsig_abrt_inner.o ABSOLUTE
    ../clib/signal.c                         0x00000000   Number         0  defsig_general.o ABSOLUTE
    ../clib/signal.c                         0x00000000   Number         0  defsig_rtred_inner.o ABSOLUTE
    ../clib/signal.c                         0x00000000   Number         0  defsig_stak_inner.o ABSOLUTE
    ../clib/signal.c                         0x00000000   Number         0  defsig_pvfn_inner.o ABSOLUTE
    ../clib/signal.c                         0x00000000   Number         0  defsig_cppl_inner.o ABSOLUTE
    ../clib/signal.s                         0x00000000   Number         0  defsig.o ABSOLUTE
    ../clib/stdlib.c                         0x00000000   Number         0  exit.o ABSOLUTE
    ../fplib/fpinit.s                        0x00000000   Number         0  fpinit.o ABSOLUTE
    C:\Users\Doan Diep\AppData\Local\Arm\Packs\Keil\STM32F1xx_DFP\2.4.1\Device\StdPeriph_Driver\src\misc.c 0x00000000   Number         0  misc.o ABSOLUTE
    C:\Users\Doan Diep\AppData\Local\Arm\Packs\Keil\STM32F1xx_DFP\2.4.1\Device\StdPeriph_Driver\src\stm32f10x_gpio.c 0x00000000   Number         0  stm32f10x_gpio.o ABSOLUTE
    C:\Users\Doan Diep\AppData\Local\Arm\Packs\Keil\STM32F1xx_DFP\2.4.1\Device\StdPeriph_Driver\src\stm32f10x_i2c.c 0x00000000   Number         0  stm32f10x_i2c.o ABSOLUTE
    C:\Users\Doan Diep\AppData\Local\Arm\Packs\Keil\STM32F1xx_DFP\2.4.1\Device\StdPeriph_Driver\src\stm32f10x_rcc.c 0x00000000   Number         0  stm32f10x_rcc.o ABSOLUTE
    C:\Users\Doan Diep\AppData\Local\Arm\Packs\Keil\STM32F1xx_DFP\2.4.1\Device\StdPeriph_Driver\src\stm32f10x_usart.c 0x00000000   Number         0  stm32f10x_usart.o ABSOLUTE
    C:\Users\Doan Diep\AppData\Local\Arm\Packs\Keil\STM32F1xx_DFP\2.4.1\RTE_Driver\GPIO_STM32F10x.c 0x00000000   Number         0  gpio_stm32f10x.o ABSOLUTE
    C:\\Users\\Doan Diep\\AppData\\Local\\Arm\\Packs\\Keil\\STM32F1xx_DFP\\2.4.1\\Device\\StdPeriph_Driver\\src\\misc.c 0x00000000   Number         0  misc.o ABSOLUTE
    C:\\Users\\Doan Diep\\AppData\\Local\\Arm\\Packs\\Keil\\STM32F1xx_DFP\\2.4.1\\Device\\StdPeriph_Driver\\src\\stm32f10x_gpio.c 0x00000000   Number         0  stm32f10x_gpio.o ABSOLUTE
    C:\\Users\\Doan Diep\\AppData\\Local\\Arm\\Packs\\Keil\\STM32F1xx_DFP\\2.4.1\\Device\\StdPeriph_Driver\\src\\stm32f10x_i2c.c 0x00000000   Number         0  stm32f10x_i2c.o ABSOLUTE
    C:\\Users\\Doan Diep\\AppData\\Local\\Arm\\Packs\\Keil\\STM32F1xx_DFP\\2.4.1\\Device\\StdPeriph_Driver\\src\\stm32f10x_rcc.c 0x00000000   Number         0  stm32f10x_rcc.o ABSOLUTE
    C:\\Users\\Doan Diep\\AppData\\Local\\Arm\\Packs\\Keil\\STM32F1xx_DFP\\2.4.1\\Device\\StdPeriph_Driver\\src\\stm32f10x_usart.c 0x00000000   Number         0  stm32f10x_usart.o ABSOLUTE
    C:\\Users\\Doan Diep\\AppData\\Local\\Arm\\Packs\\Keil\\STM32F1xx_DFP\\2.4.1\\RTE_Driver\\GPIO_STM32F10x.c 0x00000000   Number         0  gpio_stm32f10x.o ABSOLUTE
    Lib\PCF8574_drive.c                      0x00000000   Number         0  pcf8574_drive.o ABSOLUTE
    Lib\\PCF8574_drive.c                     0x00000000   Number         0  pcf8574_drive.o ABSOLUTE
    Lib\\gp_drive.c                          0x00000000   Number         0  gp_drive.o ABSOLUTE
    Lib\\i2c_drive.c                         0x00000000   Number         0  i2c_drive.o ABSOLUTE
    Lib\\lcd_1602_drive.c                    0x00000000   Number         0  lcd_1602_drive.o ABSOLUTE
    Lib\\systick_time.c                      0x00000000   Number         0  systick_time.o ABSOLUTE
    Lib\\time_driver.c                       0x00000000   Number         0  time_driver.o ABSOLUTE
    Lib\gp_drive.c                           0x00000000   Number         0  gp_drive.o ABSOLUTE
    Lib\help_func.c                          0x00000000   Number         0  help_func.o ABSOLUTE
    Lib\i2c_drive.c                          0x00000000   Number         0  i2c_drive.o ABSOLUTE
    Lib\lcd_1602_drive.c                     0x00000000   Number         0  lcd_1602_drive.o ABSOLUTE
    Lib\systick_time.c                       0x00000000   Number         0  systick_time.o ABSOLUTE
    Lib\time_driver.c                        0x00000000   Number         0  time_driver.o ABSOLUTE
    RTE\Device\STM32F103C8\startup_stm32f10x_md.s 0x00000000   Number         0  startup_stm32f10x_md.o ABSOLUTE
    RTE\Device\STM32F103C8\system_stm32f10x.c 0x00000000   Number         0  system_stm32f10x.o ABSOLUTE
    RTE\\Device\\STM32F103C8\\system_stm32f10x.c 0x00000000   Number         0  system_stm32f10x.o ABSOLUTE
    dc.s                                     0x00000000   Number         0  dc.o ABSOLUTE
    main.c                                   0x00000000   Number         0  main.o ABSOLUTE
    main.c                                   0x00000000   Number         0  main.o ABSOLUTE
    RESET                                    0x08000000   Section      236  startup_stm32f10x_md.o(RESET)
    !!!main                                  0x080000ec   Section        8  __main.o(!!!main)
    !!!scatter                               0x080000f4   Section       52  __scatter.o(!!!scatter)
    !!handler_copy                           0x08000128   Section       26  __scatter_copy.o(!!handler_copy)
    !!handler_zi                             0x08000144   Section       28  __scatter_zi.o(!!handler_zi)
    .ARM.Collect$$libinit$$00000000          0x08000160   Section        2  libinit.o(.ARM.Collect$$libinit$$00000000)
    .ARM.Collect$$libinit$$00000002          0x08000162   Section        0  libinit2.o(.ARM.Collect$$libinit$$00000002)
    .ARM.Collect$$libinit$$00000004          0x08000162   Section        0  libinit2.o(.ARM.Collect$$libinit$$00000004)
    .ARM.Collect$$libinit$$0000000A          0x08000162   Section        0  libinit2.o(.ARM.Collect$$libinit$$0000000A)
    .ARM.Collect$$libinit$$0000000C          0x08000162   Section        0  libinit2.o(.ARM.Collect$$libinit$$0000000C)
    .ARM.Collect$$libinit$$0000000E          0x08000162   Section        0  libinit2.o(.ARM.Collect$$libinit$$0000000E)
    .ARM.Collect$$libinit$$00000011          0x08000162   Section        0  libinit2.o(.ARM.Collect$$libinit$$00000011)
    .ARM.Collect$$libinit$$00000013          0x08000162   Section        0  libinit2.o(.ARM.Collect$$libinit$$00000013)
    .ARM.Collect$$libinit$$00000015          0x08000162   Section        0  libinit2.o(.ARM.Collect$$libinit$$00000015)
    .ARM.Collect$$libinit$$00000017          0x08000162   Section        0  libinit2.o(.ARM.Collect$$libinit$$00000017)
    .ARM.Collect$$libinit$$00000019          0x08000162   Section        0  libinit2.o(.ARM.Collect$$libinit$$00000019)
    .ARM.Collect$$libinit$$0000001B          0x08000162   Section        0  libinit2.o(.ARM.Collect$$libinit$$0000001B)
    .ARM.Collect$$libinit$$0000001D          0x08000162   Section        0  libinit2.o(.ARM.Collect$$libinit$$0000001D)
    .ARM.Collect$$libinit$$0000001F          0x08000162   Section        0  libinit2.o(.ARM.Collect$$libinit$$0000001F)
    .ARM.Collect$$libinit$$00000021          0x08000162   Section        0  libinit2.o(.ARM.Collect$$libinit$$00000021)
    .ARM.Collect$$libinit$$00000023          0x08000162   Section        0  libinit2.o(.ARM.Collect$$libinit$$00000023)
    .ARM.Collect$$libinit$$00000025          0x08000162   Section        0  libinit2.o(.ARM.Collect$$libinit$$00000025)
    .ARM.Collect$$libinit$$0000002C          0x08000162   Section        0  libinit2.o(.ARM.Collect$$libinit$$0000002C)
    .ARM.Collect$$libinit$$0000002E          0x08000162   Section        0  libinit2.o(.ARM.Collect$$libinit$$0000002E)
    .ARM.Collect$$libinit$$00000030          0x08000162   Section        0  libinit2.o(.ARM.Collect$$libinit$$00000030)
    .ARM.Collect$$libinit$$00000032          0x08000162   Section        0  libinit2.o(.ARM.Collect$$libinit$$00000032)
    .ARM.Collect$$libinit$$00000033          0x08000162   Section        2  libinit2.o(.ARM.Collect$$libinit$$00000033)
    .ARM.Collect$$libshutdown$$00000000      0x08000164   Section        2  libshutdown.o(.ARM.Collect$$libshutdown$$00000000)
    .ARM.Collect$$libshutdown$$00000002      0x08000166   Section        0  libshutdown2.o(.ARM.Collect$$libshutdown$$00000002)
    .ARM.Collect$$libshutdown$$00000004      0x08000166   Section        0  libshutdown2.o(.ARM.Collect$$libshutdown$$00000004)
    .ARM.Collect$$libshutdown$$00000007      0x08000166   Section        0  libshutdown2.o(.ARM.Collect$$libshutdown$$00000007)
    .ARM.Collect$$libshutdown$$0000000A      0x08000166   Section        0  libshutdown2.o(.ARM.Collect$$libshutdown$$0000000A)
    .ARM.Collect$$libshutdown$$0000000C      0x08000166   Section        0  libshutdown2.o(.ARM.Collect$$libshutdown$$0000000C)
    .ARM.Collect$$libshutdown$$0000000F      0x08000166   Section        0  libshutdown2.o(.ARM.Collect$$libshutdown$$0000000F)
    .ARM.Collect$$libshutdown$$00000010      0x08000166   Section        2  libshutdown2.o(.ARM.Collect$$libshutdown$$00000010)
    .ARM.Collect$$rtentry$$00000000          0x08000168   Section        0  __rtentry.o(.ARM.Collect$$rtentry$$00000000)
    .ARM.Collect$$rtentry$$00000002          0x08000168   Section        0  __rtentry2.o(.ARM.Collect$$rtentry$$00000002)
    .ARM.Collect$$rtentry$$00000004          0x08000168   Section        6  __rtentry4.o(.ARM.Collect$$rtentry$$00000004)
    .ARM.Collect$$rtentry$$00000009          0x0800016e   Section        0  __rtentry2.o(.ARM.Collect$$rtentry$$00000009)
    .ARM.Collect$$rtentry$$0000000A          0x0800016e   Section        4  __rtentry2.o(.ARM.Collect$$rtentry$$0000000A)
    .ARM.Collect$$rtentry$$0000000C          0x08000172   Section        0  __rtentry2.o(.ARM.Collect$$rtentry$$0000000C)
    .ARM.Collect$$rtentry$$0000000D          0x08000172   Section        8  __rtentry2.o(.ARM.Collect$$rtentry$$0000000D)
    .ARM.Collect$$rtexit$$00000000           0x0800017a   Section        2  rtexit.o(.ARM.Collect$$rtexit$$00000000)
    .ARM.Collect$$rtexit$$00000002           0x0800017c   Section        0  rtexit2.o(.ARM.Collect$$rtexit$$00000002)
    .ARM.Collect$$rtexit$$00000003           0x0800017c   Section        4  rtexit2.o(.ARM.Collect$$rtexit$$00000003)
    .ARM.Collect$$rtexit$$00000004           0x08000180   Section        6  rtexit2.o(.ARM.Collect$$rtexit$$00000004)
    .text                                    0x08000188   Section       64  startup_stm32f10x_md.o(.text)
    .text                                    0x080001c8   Section        0  heapauxi.o(.text)
    .text                                    0x080001ce   Section       74  sys_stackheap_outer.o(.text)
    .text                                    0x08000218   Section        0  exit.o(.text)
    .text                                    0x0800022c   Section        8  libspace.o(.text)
    .text                                    0x08000234   Section        0  sys_exit.o(.text)
    .text                                    0x08000240   Section        2  use_no_semi.o(.text)
    .text                                    0x08000242   Section        0  indicate_semi.o(.text)
    i.BEEP_CONFIG                            0x08000244   Section        0  main.o(i.BEEP_CONFIG)
    i.CheckLength                            0x08000270   Section        0  main.o(i.CheckLength)
    i.DelayMillis                            0x080002d0   Section        0  systick_time.o(i.DelayMillis)
    i.DelayMs                                0x080002f4   Section        0  systick_time.o(i.DelayMs)
    i.DelayUs                                0x08000306   Section        0  systick_time.o(i.DelayUs)
    i.Delaymicro                             0x08000318   Section        0  systick_time.o(i.Delaymicro)
    i.Digital_Input                          0x08000336   Section        0  gp_drive.o(i.Digital_Input)
    i.Digital_Output                         0x0800034a   Section        0  gp_drive.o(i.Digital_Output)
    i.GPIO_Init                              0x0800035e   Section        0  stm32f10x_gpio.o(i.GPIO_Init)
    i.GPIO_ResetBits                         0x08000474   Section        0  stm32f10x_gpio.o(i.GPIO_ResetBits)
    i.GPIO_SetBits                           0x08000478   Section        0  stm32f10x_gpio.o(i.GPIO_SetBits)
    i.LED_CONFIG                             0x0800047c   Section        0  main.o(i.LED_CONFIG)
    i.Led_Buzzer                             0x080004a4   Section        0  main.o(i.Led_Buzzer)
    i.PCF8574_add                            0x080004e0   Section        0  pcf8574_drive.o(i.PCF8574_add)
    i.PCF8574_tx_byte                        0x080004f2   Section        0  pcf8574_drive.o(i.PCF8574_tx_byte)
    i.RCC_APB2PeriphClockCmd                 0x08000518   Section        0  stm32f10x_rcc.o(i.RCC_APB2PeriphClockCmd)
    i.R_GP                                   0x08000538   Section        0  gp_drive.o(i.R_GP)
    i.SetSysClock                            0x0800057c   Section        0  system_stm32f10x.o(i.SetSysClock)
    SetSysClock                              0x0800057d   Thumb Code     8  system_stm32f10x.o(i.SetSysClock)
    i.SetSysClockTo72                        0x08000584   Section        0  system_stm32f10x.o(i.SetSysClockTo72)
    SetSysClockTo72                          0x08000585   Thumb Code   214  system_stm32f10x.o(i.SetSysClockTo72)
    i.SystemInit                             0x08000664   Section        0  system_stm32f10x.o(i.SystemInit)
    i.TDelay_Micro                           0x080006c4   Section        0  time_driver.o(i.TDelay_Micro)
    i.TDelay_Micros                          0x080006d2   Section        0  time_driver.o(i.TDelay_Micros)
    i.TDelay_Milli                           0x080006f8   Section        0  time_driver.o(i.TDelay_Milli)
    i.TDelay_Millis                          0x08000706   Section        0  time_driver.o(i.TDelay_Millis)
    i.W_GP                                   0x08000724   Section        0  gp_drive.o(i.W_GP)
    i.get_time_micros                        0x08000774   Section        0  time_driver.o(i.get_time_micros)
    i.get_timer                              0x08000790   Section        0  time_driver.o(i.get_timer)
    i.i2c_add                                0x080007c8   Section        0  i2c_drive.o(i.i2c_add)
    i.i2c_data                               0x0800086c   Section        0  i2c_drive.o(i.i2c_data)
    i.i2c_init                               0x080008c4   Section        0  i2c_drive.o(i.i2c_init)
    i.i2c_start                              0x080009a0   Section        0  i2c_drive.o(i.i2c_start)
    i.i2c_stop                               0x080009ec   Section        0  i2c_drive.o(i.i2c_stop)
    i.init_GP                                0x08000a40   Section        0  gp_drive.o(i.init_GP)
    i.int2char                               0x08000af4   Section        0  help_func.o(i.int2char)
    i.lcd_i2c_cmd                            0x08000b52   Section        0  lcd_1602_drive.o(i.lcd_i2c_cmd)
    i.lcd_i2c_data                           0x08000bd2   Section        0  lcd_1602_drive.o(i.lcd_i2c_data)
    i.lcd_i2c_init                           0x08000c52   Section        0  lcd_1602_drive.o(i.lcd_i2c_init)
    i.lcd_i2c_msg                            0x08000d78   Section        0  lcd_1602_drive.o(i.lcd_i2c_msg)
    i.lcd_i2c_send                           0x08000db6   Section        0  lcd_1602_drive.o(i.lcd_i2c_send)
    i.main                                   0x08000dd8   Section        0  main.o(i.main)
    i.str_empty                              0x08000f08   Section        0  help_func.o(i.str_empty)
    i.systick_init                           0x08000f1a   Section        0  systick_time.o(i.systick_init)
    i.timer_start_micros                     0x08000f34   Section        0  time_driver.o(i.timer_start_micros)
    .data                                    0x20000000   Section       14  main.o(.data)
    .bss                                     0x20000010   Section       96  libspace.o(.bss)
    HEAP                                     0x20000070   Section      512  startup_stm32f10x_md.o(HEAP)
    Heap_Mem                                 0x20000070   Data         512  startup_stm32f10x_md.o(HEAP)
    STACK                                    0x20000270   Section     1024  startup_stm32f10x_md.o(STACK)
    Stack_Mem                                0x20000270   Data        1024  startup_stm32f10x_md.o(STACK)
    __initial_sp                             0x20000670   Data           0  startup_stm32f10x_md.o(STACK)

    Global Symbols

    Symbol Name                              Value     Ov Type        Size  Object(Section)

    BuildAttributes$$THM_ISAv4$P$D$K$B$S$PE$A:L22UL41UL21$X:L11$S22US41US21$IEEE1$IW$USESV6$~STKCKD$USESV7$~SHL$OSPACE$ROPI$EBA8$UX$STANDARDLIB$REQ8$PRES8$EABIv2 0x00000000   Number         0  anon$$obj.o ABSOLUTE
    __ARM_use_no_argv                        0x00000000   Number         0  main.o ABSOLUTE
    __ARM_exceptions_init                     - Undefined Weak Reference
    __alloca_initialize                       - Undefined Weak Reference
    __arm_preinit_                            - Undefined Weak Reference
    __cpp_initialize__aeabi_                  - Undefined Weak Reference
    __cxa_finalize                            - Undefined Weak Reference
    __rt_locale                               - Undefined Weak Reference
    __sigvec_lookup                           - Undefined Weak Reference
    _atexit_init                              - Undefined Weak Reference
    _call_atexit_fns                          - Undefined Weak Reference
    _clock_init                               - Undefined Weak Reference
    _fp_trap_init                             - Undefined Weak Reference
    _fp_trap_shutdown                         - Undefined Weak Reference
    _get_lc_collate                           - Undefined Weak Reference
    _get_lc_ctype                             - Undefined Weak Reference
    _get_lc_monetary                          - Undefined Weak Reference
    _get_lc_numeric                           - Undefined Weak Reference
    _get_lc_time                              - Undefined Weak Reference
    _getenv_init                              - Undefined Weak Reference
    _handle_redirection                       - Undefined Weak Reference
    _init_alloc                               - Undefined Weak Reference
    _init_user_alloc                          - Undefined Weak Reference
    _initio                                   - Undefined Weak Reference
    _rand_init                                - Undefined Weak Reference
    _signal_finish                            - Undefined Weak Reference
    _signal_init                              - Undefined Weak Reference
    _terminate_alloc                          - Undefined Weak Reference
    _terminate_user_alloc                     - Undefined Weak Reference
    _terminateio                              - Undefined Weak Reference
    __Vectors_Size                           0x000000ec   Number         0  startup_stm32f10x_md.o ABSOLUTE
    __Vectors                                0x08000000   Data           4  startup_stm32f10x_md.o(RESET)
    __Vectors_End                            0x080000ec   Data           0  startup_stm32f10x_md.o(RESET)
    __main                                   0x080000ed   Thumb Code     8  __main.o(!!!main)
    __scatterload                            0x080000f5   Thumb Code     0  __scatter.o(!!!scatter)
    __scatterload_rt2                        0x080000f5   Thumb Code    44  __scatter.o(!!!scatter)
    __scatterload_rt2_thumb_only             0x080000f5   Thumb Code     0  __scatter.o(!!!scatter)
    __scatterload_null                       0x08000103   Thumb Code     0  __scatter.o(!!!scatter)
    __scatterload_copy                       0x08000129   Thumb Code    26  __scatter_copy.o(!!handler_copy)
    __scatterload_zeroinit                   0x08000145   Thumb Code    28  __scatter_zi.o(!!handler_zi)
    __rt_lib_init                            0x08000161   Thumb Code     0  libinit.o(.ARM.Collect$$libinit$$00000000)
    __rt_lib_init_alloca_1                   0x08000163   Thumb Code     0  libinit2.o(.ARM.Collect$$libinit$$0000002E)
    __rt_lib_init_argv_1                     0x08000163   Thumb Code     0  libinit2.o(.ARM.Collect$$libinit$$0000002C)
    __rt_lib_init_atexit_1                   0x08000163   Thumb Code     0  libinit2.o(.ARM.Collect$$libinit$$0000001B)
    __rt_lib_init_clock_1                    0x08000163   Thumb Code     0  libinit2.o(.ARM.Collect$$libinit$$00000021)
    __rt_lib_init_cpp_1                      0x08000163   Thumb Code     0  libinit2.o(.ARM.Collect$$libinit$$00000032)
    __rt_lib_init_exceptions_1               0x08000163   Thumb Code     0  libinit2.o(.ARM.Collect$$libinit$$00000030)
    __rt_lib_init_fp_1                       0x08000163   Thumb Code     0  libinit2.o(.ARM.Collect$$libinit$$00000002)
    __rt_lib_init_fp_trap_1                  0x08000163   Thumb Code     0  libinit2.o(.ARM.Collect$$libinit$$0000001F)
    __rt_lib_init_getenv_1                   0x08000163   Thumb Code     0  libinit2.o(.ARM.Collect$$libinit$$00000023)
    __rt_lib_init_heap_1                     0x08000163   Thumb Code     0  libinit2.o(.ARM.Collect$$libinit$$0000000A)
    __rt_lib_init_lc_collate_1               0x08000163   Thumb Code     0  libinit2.o(.ARM.Collect$$libinit$$00000011)
    __rt_lib_init_lc_ctype_1                 0x08000163   Thumb Code     0  libinit2.o(.ARM.Collect$$libinit$$00000013)
    __rt_lib_init_lc_monetary_1              0x08000163   Thumb Code     0  libinit2.o(.ARM.Collect$$libinit$$00000015)
    __rt_lib_init_lc_numeric_1               0x08000163   Thumb Code     0  libinit2.o(.ARM.Collect$$libinit$$00000017)
    __rt_lib_init_lc_time_1                  0x08000163   Thumb Code     0  libinit2.o(.ARM.Collect$$libinit$$00000019)
    __rt_lib_init_preinit_1                  0x08000163   Thumb Code     0  libinit2.o(.ARM.Collect$$libinit$$00000004)
    __rt_lib_init_rand_1                     0x08000163   Thumb Code     0  libinit2.o(.ARM.Collect$$libinit$$0000000E)
    __rt_lib_init_return                     0x08000163   Thumb Code     0  libinit2.o(.ARM.Collect$$libinit$$00000033)
    __rt_lib_init_signal_1                   0x08000163   Thumb Code     0  libinit2.o(.ARM.Collect$$libinit$$0000001D)
    __rt_lib_init_stdio_1                    0x08000163   Thumb Code     0  libinit2.o(.ARM.Collect$$libinit$$00000025)
    __rt_lib_init_user_alloc_1               0x08000163   Thumb Code     0  libinit2.o(.ARM.Collect$$libinit$$0000000C)
    __rt_lib_shutdown                        0x08000165   Thumb Code     0  libshutdown.o(.ARM.Collect$$libshutdown$$00000000)
    __rt_lib_shutdown_cpp_1                  0x08000167   Thumb Code     0  libshutdown2.o(.ARM.Collect$$libshutdown$$00000002)
    __rt_lib_shutdown_fp_trap_1              0x08000167   Thumb Code     0  libshutdown2.o(.ARM.Collect$$libshutdown$$00000007)
    __rt_lib_shutdown_heap_1                 0x08000167   Thumb Code     0  libshutdown2.o(.ARM.Collect$$libshutdown$$0000000F)
    __rt_lib_shutdown_return                 0x08000167   Thumb Code     0  libshutdown2.o(.ARM.Collect$$libshutdown$$00000010)
    __rt_lib_shutdown_signal_1               0x08000167   Thumb Code     0  libshutdown2.o(.ARM.Collect$$libshutdown$$0000000A)
    __rt_lib_shutdown_stdio_1                0x08000167   Thumb Code     0  libshutdown2.o(.ARM.Collect$$libshutdown$$00000004)
    __rt_lib_shutdown_user_alloc_1           0x08000167   Thumb Code     0  libshutdown2.o(.ARM.Collect$$libshutdown$$0000000C)
    __rt_entry                               0x08000169   Thumb Code     0  __rtentry.o(.ARM.Collect$$rtentry$$00000000)
    __rt_entry_presh_1                       0x08000169   Thumb Code     0  __rtentry2.o(.ARM.Collect$$rtentry$$00000002)
    __rt_entry_sh                            0x08000169   Thumb Code     0  __rtentry4.o(.ARM.Collect$$rtentry$$00000004)
    __rt_entry_li                            0x0800016f   Thumb Code     0  __rtentry2.o(.ARM.Collect$$rtentry$$0000000A)
    __rt_entry_postsh_1                      0x0800016f   Thumb Code     0  __rtentry2.o(.ARM.Collect$$rtentry$$00000009)
    __rt_entry_main                          0x08000173   Thumb Code     0  __rtentry2.o(.ARM.Collect$$rtentry$$0000000D)
    __rt_entry_postli_1                      0x08000173   Thumb Code     0  __rtentry2.o(.ARM.Collect$$rtentry$$0000000C)
    __rt_exit                                0x0800017b   Thumb Code     0  rtexit.o(.ARM.Collect$$rtexit$$00000000)
    __rt_exit_ls                             0x0800017d   Thumb Code     0  rtexit2.o(.ARM.Collect$$rtexit$$00000003)
    __rt_exit_prels_1                        0x0800017d   Thumb Code     0  rtexit2.o(.ARM.Collect$$rtexit$$00000002)
    __rt_exit_exit                           0x08000181   Thumb Code     0  rtexit2.o(.ARM.Collect$$rtexit$$00000004)
    Reset_Handler                            0x08000189   Thumb Code     8  startup_stm32f10x_md.o(.text)
    NMI_Handler                              0x08000191   Thumb Code     2  startup_stm32f10x_md.o(.text)
    HardFault_Handler                        0x08000193   Thumb Code     2  startup_stm32f10x_md.o(.text)
    MemManage_Handler                        0x08000195   Thumb Code     2  startup_stm32f10x_md.o(.text)
    BusFault_Handler                         0x08000197   Thumb Code     2  startup_stm32f10x_md.o(.text)
    UsageFault_Handler                       0x08000199   Thumb Code     2  startup_stm32f10x_md.o(.text)
    SVC_Handler                              0x0800019b   Thumb Code     2  startup_stm32f10x_md.o(.text)
    DebugMon_Handler                         0x0800019d   Thumb Code     2  startup_stm32f10x_md.o(.text)
    PendSV_Handler                           0x0800019f   Thumb Code     2  startup_stm32f10x_md.o(.text)
    SysTick_Handler                          0x080001a1   Thumb Code     2  startup_stm32f10x_md.o(.text)
    ADC1_2_IRQHandler                        0x080001a3   Thumb Code     0  startup_stm32f10x_md.o(.text)
    CAN1_RX1_IRQHandler                      0x080001a3   Thumb Code     0  startup_stm32f10x_md.o(.text)
    CAN1_SCE_IRQHandler                      0x080001a3   Thumb Code     0  startup_stm32f10x_md.o(.text)
    DMA1_Channel1_IRQHandler                 0x080001a3   Thumb Code     0  startup_stm32f10x_md.o(.text)
    DMA1_Channel2_IRQHandler                 0x080001a3   Thumb Code     0  startup_stm32f10x_md.o(.text)
    DMA1_Channel3_IRQHandler                 0x080001a3   Thumb Code     0  startup_stm32f10x_md.o(.text)
    DMA1_Channel4_IRQHandler                 0x080001a3   Thumb Code     0  startup_stm32f10x_md.o(.text)
    DMA1_Channel5_IRQHandler                 0x080001a3   Thumb Code     0  startup_stm32f10x_md.o(.text)
    DMA1_Channel6_IRQHandler                 0x080001a3   Thumb Code     0  startup_stm32f10x_md.o(.text)
    DMA1_Channel7_IRQHandler                 0x080001a3   Thumb Code     0  startup_stm32f10x_md.o(.text)
    EXTI0_IRQHandler                         0x080001a3   Thumb Code     0  startup_stm32f10x_md.o(.text)
    EXTI15_10_IRQHandler                     0x080001a3   Thumb Code     0  startup_stm32f10x_md.o(.text)
    EXTI1_IRQHandler                         0x080001a3   Thumb Code     0  startup_stm32f10x_md.o(.text)
    EXTI2_IRQHandler                         0x080001a3   Thumb Code     0  startup_stm32f10x_md.o(.text)
    EXTI3_IRQHandler                         0x080001a3   Thumb Code     0  startup_stm32f10x_md.o(.text)
    EXTI4_IRQHandler                         0x080001a3   Thumb Code     0  startup_stm32f10x_md.o(.text)
    EXTI9_5_IRQHandler                       0x080001a3   Thumb Code     0  startup_stm32f10x_md.o(.text)
    FLASH_IRQHandler                         0x080001a3   Thumb Code     0  startup_stm32f10x_md.o(.text)
    I2C1_ER_IRQHandler                       0x080001a3   Thumb Code     0  startup_stm32f10x_md.o(.text)
    I2C1_EV_IRQHandler                       0x080001a3   Thumb Code     0  startup_stm32f10x_md.o(.text)
    I2C2_ER_IRQHandler                       0x080001a3   Thumb Code     0  startup_stm32f10x_md.o(.text)
    I2C2_EV_IRQHandler                       0x080001a3   Thumb Code     0  startup_stm32f10x_md.o(.text)
    PVD_IRQHandler                           0x080001a3   Thumb Code     0  startup_stm32f10x_md.o(.text)
    RCC_IRQHandler                           0x080001a3   Thumb Code     0  startup_stm32f10x_md.o(.text)
    RTCAlarm_IRQHandler                      0x080001a3   Thumb Code     0  startup_stm32f10x_md.o(.text)
    RTC_IRQHandler                           0x080001a3   Thumb Code     0  startup_stm32f10x_md.o(.text)
    SPI1_IRQHandler                          0x080001a3   Thumb Code     0  startup_stm32f10x_md.o(.text)
    SPI2_IRQHandler                          0x080001a3   Thumb Code     0  startup_stm32f10x_md.o(.text)
    TAMPER_IRQHandler                        0x080001a3   Thumb Code     0  startup_stm32f10x_md.o(.text)
    TIM1_BRK_IRQHandler                      0x080001a3   Thumb Code     0  startup_stm32f10x_md.o(.text)
    TIM1_CC_IRQHandler                       0x080001a3   Thumb Code     0  startup_stm32f10x_md.o(.text)
    TIM1_TRG_COM_IRQHandler                  0x080001a3   Thumb Code     0  startup_stm32f10x_md.o(.text)
    TIM1_UP_IRQHandler                       0x080001a3   Thumb Code     0  startup_stm32f10x_md.o(.text)
    TIM2_IRQHandler                          0x080001a3   Thumb Code     0  startup_stm32f10x_md.o(.text)
    TIM3_IRQHandler                          0x080001a3   Thumb Code     0  startup_stm32f10x_md.o(.text)
    TIM4_IRQHandler                          0x080001a3   Thumb Code     0  startup_stm32f10x_md.o(.text)
    USART1_IRQHandler                        0x080001a3   Thumb Code     0  startup_stm32f10x_md.o(.text)
    USART2_IRQHandler                        0x080001a3   Thumb Code     0  startup_stm32f10x_md.o(.text)
    USART3_IRQHandler                        0x080001a3   Thumb Code     0  startup_stm32f10x_md.o(.text)
    USBWakeUp_IRQHandler                     0x080001a3   Thumb Code     0  startup_stm32f10x_md.o(.text)
    USB_HP_CAN1_TX_IRQHandler                0x080001a3   Thumb Code     0  startup_stm32f10x_md.o(.text)
    USB_LP_CAN1_RX0_IRQHandler               0x080001a3   Thumb Code     0  startup_stm32f10x_md.o(.text)
    WWDG_IRQHandler                          0x080001a3   Thumb Code     0  startup_stm32f10x_md.o(.text)
    __user_initial_stackheap                 0x080001a5   Thumb Code     0  startup_stm32f10x_md.o(.text)
    __use_two_region_memory                  0x080001c9   Thumb Code     2  heapauxi.o(.text)
    __rt_heap_escrow$2region                 0x080001cb   Thumb Code     2  heapauxi.o(.text)
    __rt_heap_expand$2region                 0x080001cd   Thumb Code     2  heapauxi.o(.text)
    __user_setup_stackheap                   0x080001cf   Thumb Code    74  sys_stackheap_outer.o(.text)
    exit                                     0x08000219   Thumb Code    18  exit.o(.text)
    __user_libspace                          0x0800022d   Thumb Code     8  libspace.o(.text)
    __user_perproc_libspace                  0x0800022d   Thumb Code     0  libspace.o(.text)
    __user_perthread_libspace                0x0800022d   Thumb Code     0  libspace.o(.text)
    _sys_exit                                0x08000235   Thumb Code     8  sys_exit.o(.text)
    __I$use$semihosting                      0x08000241   Thumb Code     0  use_no_semi.o(.text)
    __use_no_semihosting_swi                 0x08000241   Thumb Code     2  use_no_semi.o(.text)
    __semihosting_library_function           0x08000243   Thumb Code     0  indicate_semi.o(.text)
    BEEP_CONFIG                              0x08000245   Thumb Code    38  main.o(i.BEEP_CONFIG)
    CheckLength                              0x08000271   Thumb Code    90  main.o(i.CheckLength)
    DelayMillis                              0x080002d1   Thumb Code    30  systick_time.o(i.DelayMillis)
    DelayMs                                  0x080002f5   Thumb Code    18  systick_time.o(i.DelayMs)
    DelayUs                                  0x08000307   Thumb Code    18  systick_time.o(i.DelayUs)
    Delaymicro                               0x08000319   Thumb Code    30  systick_time.o(i.Delaymicro)
    Digital_Input                            0x08000337   Thumb Code    20  gp_drive.o(i.Digital_Input)
    Digital_Output                           0x0800034b   Thumb Code    20  gp_drive.o(i.Digital_Output)
    GPIO_Init                                0x0800035f   Thumb Code   278  stm32f10x_gpio.o(i.GPIO_Init)
    GPIO_ResetBits                           0x08000475   Thumb Code     4  stm32f10x_gpio.o(i.GPIO_ResetBits)
    GPIO_SetBits                             0x08000479   Thumb Code     4  stm32f10x_gpio.o(i.GPIO_SetBits)
    LED_CONFIG                               0x0800047d   Thumb Code    32  main.o(i.LED_CONFIG)
    Led_Buzzer                               0x080004a5   Thumb Code    52  main.o(i.Led_Buzzer)
    PCF8574_add                              0x080004e1   Thumb Code    18  pcf8574_drive.o(i.PCF8574_add)
    PCF8574_tx_byte                          0x080004f3   Thumb Code    36  pcf8574_drive.o(i.PCF8574_tx_byte)
    RCC_APB2PeriphClockCmd                   0x08000519   Thumb Code    26  stm32f10x_rcc.o(i.RCC_APB2PeriphClockCmd)
    R_GP                                     0x08000539   Thumb Code    56  gp_drive.o(i.R_GP)
    SystemInit                               0x08000665   Thumb Code    78  system_stm32f10x.o(i.SystemInit)
    TDelay_Micro                             0x080006c5   Thumb Code    14  time_driver.o(i.TDelay_Micro)
    TDelay_Micros                            0x080006d3   Thumb Code    38  time_driver.o(i.TDelay_Micros)
    TDelay_Milli                             0x080006f9   Thumb Code    14  time_driver.o(i.TDelay_Milli)
    TDelay_Millis                            0x08000707   Thumb Code    30  time_driver.o(i.TDelay_Millis)
    W_GP                                     0x08000725   Thumb Code    66  gp_drive.o(i.W_GP)
    get_time_micros                          0x08000775   Thumb Code    28  time_driver.o(i.get_time_micros)
    get_timer                                0x08000791   Thumb Code    42  time_driver.o(i.get_timer)
    i2c_add                                  0x080007c9   Thumb Code   156  i2c_drive.o(i.i2c_add)
    i2c_data                                 0x0800086d   Thumb Code    80  i2c_drive.o(i.i2c_data)
    i2c_init                                 0x080008c5   Thumb Code   208  i2c_drive.o(i.i2c_init)
    i2c_start                                0x080009a1   Thumb Code    68  i2c_drive.o(i.i2c_start)
    i2c_stop                                 0x080009ed   Thumb Code    74  i2c_drive.o(i.i2c_stop)
    init_GP                                  0x08000a41   Thumb Code   164  gp_drive.o(i.init_GP)
    int2char                                 0x08000af5   Thumb Code    94  help_func.o(i.int2char)
    lcd_i2c_cmd                              0x08000b53   Thumb Code   128  lcd_1602_drive.o(i.lcd_i2c_cmd)
    lcd_i2c_data                             0x08000bd3   Thumb Code   128  lcd_1602_drive.o(i.lcd_i2c_data)
    lcd_i2c_init                             0x08000c53   Thumb Code   294  lcd_1602_drive.o(i.lcd_i2c_init)
    lcd_i2c_msg                              0x08000d79   Thumb Code    62  lcd_1602_drive.o(i.lcd_i2c_msg)
    lcd_i2c_send                             0x08000db7   Thumb Code    34  lcd_1602_drive.o(i.lcd_i2c_send)
    main                                     0x08000dd9   Thumb Code   246  main.o(i.main)
    str_empty                                0x08000f09   Thumb Code    18  help_func.o(i.str_empty)
    systick_init                             0x08000f1b   Thumb Code    24  systick_time.o(i.systick_init)
    timer_start_micros                       0x08000f35   Thumb Code    72  time_driver.o(i.timer_start_micros)
    Region$$Table$$Base                      0x08000f80   Number         0  anon$$obj.o(Region$$Table)
    Region$$Table$$Limit                     0x08000fa0   Number         0  anon$$obj.o(Region$$Table)
    distance                                 0x20000000   Data           4  main.o(.data)
    myint                                    0x20000004   Data           3  main.o(.data)
    disp                                     0x20000007   Data           3  main.o(.data)
    GPIO                                     0x2000000a   Data           4  main.o(.data)
    __libspace_start                         0x20000010   Data          96  libspace.o(.bss)
    __temporary_stack_top$libspace           0x20000070   Data           0  libspace.o(.bss)



==============================================================================

Memory Map of the image

  Image Entry point : 0x08000189

  Load Region LR_1 (Base: 0x08000000, Size: 0x00000fb0, Max: 0xffffffff, ABSOLUTE)

    Execution Region ER_RO (Base: 0x08000000, Size: 0x00000fa0, Max: 0xffffffff, ABSOLUTE)

    Base Addr    Size         Type   Attr      Idx    E Section Name        Object

    0x08000000   0x000000ec   Data   RO         1552    RESET               startup_stm32f10x_md.o
    0x080000ec   0x00000008   Code   RO         1607  * !!!main             c_w.l(__main.o)
    0x080000f4   0x00000034   Code   RO         1764    !!!scatter          c_w.l(__scatter.o)
    0x08000128   0x0000001a   Code   RO         1766    !!handler_copy      c_w.l(__scatter_copy.o)
    0x08000142   0x00000002   PAD
    0x08000144   0x0000001c   Code   RO         1768    !!handler_zi        c_w.l(__scatter_zi.o)
    0x08000160   0x00000002   Code   RO         1634    .ARM.Collect$$libinit$$00000000  c_w.l(libinit.o)
    0x08000162   0x00000000   Code   RO         1641    .ARM.Collect$$libinit$$00000002  c_w.l(libinit2.o)
    0x08000162   0x00000000   Code   RO         1643    .ARM.Collect$$libinit$$00000004  c_w.l(libinit2.o)
    0x08000162   0x00000000   Code   RO         1646    .ARM.Collect$$libinit$$0000000A  c_w.l(libinit2.o)
    0x08000162   0x00000000   Code   RO         1648    .ARM.Collect$$libinit$$0000000C  c_w.l(libinit2.o)
    0x08000162   0x00000000   Code   RO         1650    .ARM.Collect$$libinit$$0000000E  c_w.l(libinit2.o)
    0x08000162   0x00000000   Code   RO         1653    .ARM.Collect$$libinit$$00000011  c_w.l(libinit2.o)
    0x08000162   0x00000000   Code   RO         1655    .ARM.Collect$$libinit$$00000013  c_w.l(libinit2.o)
    0x08000162   0x00000000   Code   RO         1657    .ARM.Collect$$libinit$$00000015  c_w.l(libinit2.o)
    0x08000162   0x00000000   Code   RO         1659    .ARM.Collect$$libinit$$00000017  c_w.l(libinit2.o)
    0x08000162   0x00000000   Code   RO         1661    .ARM.Collect$$libinit$$00000019  c_w.l(libinit2.o)
    0x08000162   0x00000000   Code   RO         1663    .ARM.Collect$$libinit$$0000001B  c_w.l(libinit2.o)
    0x08000162   0x00000000   Code   RO         1665    .ARM.Collect$$libinit$$0000001D  c_w.l(libinit2.o)
    0x08000162   0x00000000   Code   RO         1667    .ARM.Collect$$libinit$$0000001F  c_w.l(libinit2.o)
    0x08000162   0x00000000   Code   RO         1669    .ARM.Collect$$libinit$$00000021  c_w.l(libinit2.o)
    0x08000162   0x00000000   Code   RO         1671    .ARM.Collect$$libinit$$00000023  c_w.l(libinit2.o)
    0x08000162   0x00000000   Code   RO         1673    .ARM.Collect$$libinit$$00000025  c_w.l(libinit2.o)
    0x08000162   0x00000000   Code   RO         1677    .ARM.Collect$$libinit$$0000002C  c_w.l(libinit2.o)
    0x08000162   0x00000000   Code   RO         1679    .ARM.Collect$$libinit$$0000002E  c_w.l(libinit2.o)
    0x08000162   0x00000000   Code   RO         1681    .ARM.Collect$$libinit$$00000030  c_w.l(libinit2.o)
    0x08000162   0x00000000   Code   RO         1683    .ARM.Collect$$libinit$$00000032  c_w.l(libinit2.o)
    0x08000162   0x00000002   Code   RO         1684    .ARM.Collect$$libinit$$00000033  c_w.l(libinit2.o)
    0x08000164   0x00000002   Code   RO         1704    .ARM.Collect$$libshutdown$$00000000  c_w.l(libshutdown.o)
    0x08000166   0x00000000   Code   RO         1717    .ARM.Collect$$libshutdown$$00000002  c_w.l(libshutdown2.o)
    0x08000166   0x00000000   Code   RO         1719    .ARM.Collect$$libshutdown$$00000004  c_w.l(libshutdown2.o)
    0x08000166   0x00000000   Code   RO         1722    .ARM.Collect$$libshutdown$$00000007  c_w.l(libshutdown2.o)
    0x08000166   0x00000000   Code   RO         1725    .ARM.Collect$$libshutdown$$0000000A  c_w.l(libshutdown2.o)
    0x08000166   0x00000000   Code   RO         1727    .ARM.Collect$$libshutdown$$0000000C  c_w.l(libshutdown2.o)
    0x08000166   0x00000000   Code   RO         1730    .ARM.Collect$$libshutdown$$0000000F  c_w.l(libshutdown2.o)
    0x08000166   0x00000002   Code   RO         1731    .ARM.Collect$$libshutdown$$00000010  c_w.l(libshutdown2.o)
    0x08000168   0x00000000   Code   RO         1609    .ARM.Collect$$rtentry$$00000000  c_w.l(__rtentry.o)
    0x08000168   0x00000000   Code   RO         1611    .ARM.Collect$$rtentry$$00000002  c_w.l(__rtentry2.o)
    0x08000168   0x00000006   Code   RO         1623    .ARM.Collect$$rtentry$$00000004  c_w.l(__rtentry4.o)
    0x0800016e   0x00000000   Code   RO         1613    .ARM.Collect$$rtentry$$00000009  c_w.l(__rtentry2.o)
    0x0800016e   0x00000004   Code   RO         1614    .ARM.Collect$$rtentry$$0000000A  c_w.l(__rtentry2.o)
    0x08000172   0x00000000   Code   RO         1616    .ARM.Collect$$rtentry$$0000000C  c_w.l(__rtentry2.o)
    0x08000172   0x00000008   Code   RO         1617    .ARM.Collect$$rtentry$$0000000D  c_w.l(__rtentry2.o)
    0x0800017a   0x00000002   Code   RO         1638    .ARM.Collect$$rtexit$$00000000  c_w.l(rtexit.o)
    0x0800017c   0x00000000   Code   RO         1686    .ARM.Collect$$rtexit$$00000002  c_w.l(rtexit2.o)
    0x0800017c   0x00000004   Code   RO         1687    .ARM.Collect$$rtexit$$00000003  c_w.l(rtexit2.o)
    0x08000180   0x00000006   Code   RO         1688    .ARM.Collect$$rtexit$$00000004  c_w.l(rtexit2.o)
    0x08000186   0x00000002   PAD
    0x08000188   0x00000040   Code   RO         1553  * .text               startup_stm32f10x_md.o
    0x080001c8   0x00000006   Code   RO         1605    .text               c_w.l(heapauxi.o)
    0x080001ce   0x0000004a   Code   RO         1625    .text               c_w.l(sys_stackheap_outer.o)
    0x08000218   0x00000012   Code   RO         1627    .text               c_w.l(exit.o)
    0x0800022a   0x00000002   PAD
    0x0800022c   0x00000008   Code   RO         1635    .text               c_w.l(libspace.o)
    0x08000234   0x0000000c   Code   RO         1696    .text               c_w.l(sys_exit.o)
    0x08000240   0x00000002   Code   RO         1707    .text               c_w.l(use_no_semi.o)
    0x08000242   0x00000000   Code   RO         1709    .text               c_w.l(indicate_semi.o)
    0x08000242   0x00000002   PAD
    0x08000244   0x0000002c   Code   RO            4    i.BEEP_CONFIG       main.o
    0x08000270   0x00000060   Code   RO            5    i.CheckLength       main.o
    0x080002d0   0x00000024   Code   RO          414    i.DelayMillis       systick_time.o
    0x080002f4   0x00000012   Code   RO          415    i.DelayMs           systick_time.o
    0x08000306   0x00000012   Code   RO          416    i.DelayUs           systick_time.o
    0x08000318   0x0000001e   Code   RO          417    i.Delaymicro        systick_time.o
    0x08000336   0x00000014   Code   RO          119    i.Digital_Input     gp_drive.o
    0x0800034a   0x00000014   Code   RO          120    i.Digital_Output    gp_drive.o
    0x0800035e   0x00000116   Code   RO          765    i.GPIO_Init         stm32f10x_gpio.o
    0x08000474   0x00000004   Code   RO          772    i.GPIO_ResetBits    stm32f10x_gpio.o
    0x08000478   0x00000004   Code   RO          773    i.GPIO_SetBits      stm32f10x_gpio.o
    0x0800047c   0x00000028   Code   RO            6    i.LED_CONFIG        main.o
    0x080004a4   0x0000003c   Code   RO            7    i.Led_Buzzer        main.o
    0x080004e0   0x00000012   Code   RO          384    i.PCF8574_add       pcf8574_drive.o
    0x080004f2   0x00000024   Code   RO          385    i.PCF8574_tx_byte   pcf8574_drive.o
    0x08000516   0x00000002   PAD
    0x08000518   0x00000020   Code   RO         1105    i.RCC_APB2PeriphClockCmd  stm32f10x_rcc.o
    0x08000538   0x00000044   Code   RO          122    i.R_GP              gp_drive.o
    0x0800057c   0x00000008   Code   RO         1560    i.SetSysClock       system_stm32f10x.o
    0x08000584   0x000000e0   Code   RO         1561    i.SetSysClockTo72   system_stm32f10x.o
    0x08000664   0x00000060   Code   RO         1563    i.SystemInit        system_stm32f10x.o
    0x080006c4   0x0000000e   Code   RO          520    i.TDelay_Micro      time_driver.o
    0x080006d2   0x00000026   Code   RO          521    i.TDelay_Micros     time_driver.o
    0x080006f8   0x0000000e   Code   RO          522    i.TDelay_Milli      time_driver.o
    0x08000706   0x0000001e   Code   RO          523    i.TDelay_Millis     time_driver.o
    0x08000724   0x00000050   Code   RO          123    i.W_GP              gp_drive.o
    0x08000774   0x0000001c   Code   RO          527    i.get_time_micros   time_driver.o
    0x08000790   0x00000038   Code   RO          529    i.get_timer         time_driver.o
    0x080007c8   0x000000a4   Code   RO          192    i.i2c_add           i2c_drive.o
    0x0800086c   0x00000058   Code   RO          193    i.i2c_data          i2c_drive.o
    0x080008c4   0x000000dc   Code   RO          194    i.i2c_init          i2c_drive.o
    0x080009a0   0x0000004c   Code   RO          196    i.i2c_start         i2c_drive.o
    0x080009ec   0x00000054   Code   RO          197    i.i2c_stop          i2c_drive.o
    0x08000a40   0x000000b4   Code   RO          124    i.init_GP           gp_drive.o
    0x08000af4   0x0000005e   Code   RO          475    i.int2char          help_func.o
    0x08000b52   0x00000080   Code   RO          261    i.lcd_i2c_cmd       lcd_1602_drive.o
    0x08000bd2   0x00000080   Code   RO          262    i.lcd_i2c_data      lcd_1602_drive.o
    0x08000c52   0x00000126   Code   RO          263    i.lcd_i2c_init      lcd_1602_drive.o
    0x08000d78   0x0000003e   Code   RO          264    i.lcd_i2c_msg       lcd_1602_drive.o
    0x08000db6   0x00000022   Code   RO          265    i.lcd_i2c_send      lcd_1602_drive.o
    0x08000dd8   0x00000130   Code   RO            8    i.main              main.o
    0x08000f08   0x00000012   Code   RO          477    i.str_empty         help_func.o
    0x08000f1a   0x00000018   Code   RO          418    i.systick_init      systick_time.o
    0x08000f32   0x00000002   PAD
    0x08000f34   0x0000004c   Code   RO          545    i.timer_start_micros  time_driver.o
    0x08000f80   0x00000020   Data   RO         1762    Region$$Table       anon$$obj.o


    Execution Region ER_RW (Base: 0x20000000, Size: 0x00000010, Max: 0xffffffff, ABSOLUTE)

    Base Addr    Size         Type   Attr      Idx    E Section Name        Object

    0x20000000   0x0000000e   Data   RW            9    .data               main.o


    Execution Region ER_ZI (Base: 0x20000010, Size: 0x00000660, Max: 0xffffffff, ABSOLUTE)

    Base Addr    Size         Type   Attr      Idx    E Section Name        Object

    0x20000010   0x00000060   Zero   RW         1636    .bss                c_w.l(libspace.o)
    0x20000070   0x00000200   Zero   RW         1551    HEAP                startup_stm32f10x_md.o
    0x20000270   0x00000400   Zero   RW         1550    STACK               startup_stm32f10x_md.o


==============================================================================

Image component sizes


      Code (inc. data)   RO Data    RW Data    ZI Data      Debug   Object Name

       368         42          0          0          0       3209   gp_drive.o
       112          0          0          0          0       1187   help_func.o
       632         46          0          0          0       2843   i2c_drive.o
       646          0          0          0          0       3217   lcd_1602_drive.o
       544         86          0         14          0     219876   main.o
        54          0          0          0          0       1112   pcf8574_drive.o
        64         26        236          0       1536        836   startup_stm32f10x_md.o
       286          0          0          0          0       3420   stm32f10x_gpio.o
        32          6          0          0          0        649   stm32f10x_rcc.o
       328         28          0          0          0       2069   system_stm32f10x.o
       126          6          0          0          0       2314   systick_time.o
       256         18          0          0          0       4249   time_driver.o

    ----------------------------------------------------------------------
      3452        258        268         16       1536     244981   Object Totals
         0          0         32          0          0          0   (incl. Generated)
         4          0          0          2          0          0   (incl. Padding)

    ----------------------------------------------------------------------

      Code (inc. data)   RO Data    RW Data    ZI Data      Debug   Library Member Name

         8          0          0          0          0         68   __main.o
         0          0          0          0          0          0   __rtentry.o
        12          0          0          0          0          0   __rtentry2.o
         6          0          0          0          0          0   __rtentry4.o
        52          8          0          0          0          0   __scatter.o
        26          0          0          0          0          0   __scatter_copy.o
        28          0          0          0          0          0   __scatter_zi.o
        18          0          0          0          0         80   exit.o
         6          0          0          0          0        152   heapauxi.o
         0          0          0          0          0          0   indicate_semi.o
         2          0          0          0          0          0   libinit.o
         2          0          0          0          0          0   libinit2.o
         2          0          0          0          0          0   libshutdown.o
         2          0          0          0          0          0   libshutdown2.o
         8          4          0          0         96         68   libspace.o
         2          0          0          0          0          0   rtexit.o
        10          0          0          0          0          0   rtexit2.o
        12          4          0          0          0         68   sys_exit.o
        74          0          0          0          0         80   sys_stackheap_outer.o
         2          0          0          0          0         68   use_no_semi.o

    ----------------------------------------------------------------------
       280         16          0          0         96        584   Library Totals
         8          0          0          0          0          0   (incl. Padding)

    ----------------------------------------------------------------------

      Code (inc. data)   RO Data    RW Data    ZI Data      Debug   Library Name

       272         16          0          0         96        584   c_w.l

    ----------------------------------------------------------------------
       280         16          0          0         96        584   Library Totals

    ----------------------------------------------------------------------

==============================================================================


      Code (inc. data)   RO Data    RW Data    ZI Data      Debug   

      3732        274        268         16       1632     243325   Grand Totals
      3732        274        268         16       1632     243325   ELF Image Totals
      3732        274        268         16          0          0   ROM Totals

==============================================================================

    Total RO  Size (Code + RO Data)                 4000 (   3.91kB)
    Total RW  Size (RW Data + ZI Data)              1648 (   1.61kB)
    Total ROM Size (Code + RO Data + RW Data)       4016 (   3.92kB)

==============================================================================

